<html>
<body>
<pre>
<h1>礦ision Build Log</h1>
<h2>Tool Versions:</h2>
IDE-Version: μVision V5.26.2.0
Copyright (C) 2018 ARM Ltd and ARM Germany GmbH. All rights reserved.
License Information: du 2497596, HP Inc., LIC=D0D7S-L4TK6-BSTYX-HP4QQ-KADNY-S0DVS
 
Tool Versions:
Toolchain:       MDK-ARM Plus  Version: 5.26.2.0
Middleware:      RL-ARM Real-Time Library Version V4.00
Toolchain Path:  D:\software\uv5\uv\ARM\ARMCC\Bin
C Compiler:      Armcc.exe V5.06 update 6 (build 750)
Assembler:       Armasm.exe V5.06 update 6 (build 750)
Linker/Locator:  ArmLink.exe V5.06 update 6 (build 750)
Library Manager: ArmAr.exe V5.06 update 6 (build 750)
Hex Converter:   FromElf.exe V5.06 update 6 (build 750)
CPU DLL:         SARMCM3.DLL V5.26.2.0
Dialog DLL:      DCM.DLL V1.17.2.0
Target DLL:      STLink\ST-LINKIII-KEIL_SWO.dll V3.0.5.0
Dialog DLL:      TCM.DLL V1.36.1.0
 
<h2>Project:</h2>
C:\Users\24975\Desktop\新建文件夹\无名创新LaunchPad核心板飞控源码、增补资料V4.0.1_20210525\程序源码\CarryPilot_For_LaunchPad_4.0.1_20210525_Released\CarryPilot.uvprojx
Project File Date:  05/25/2021

<h2>Output:</h2>
*** Using Compiler 'V5.06 update 6 (build 750)', folder: 'D:\software\uv5\uv\ARM\ARMCC\Bin'
Rebuild target 'CarryPilot_LaunchPad_V4.0.1'
compiling aes.c...
compiling comp.c...
compiling des.c...
compiling adc.c...
compiling crc.c...
compiling can.c...
compiling eeprom.c...
compiling fpu.c...
compiling emac.c...
compiling flash.c...
compiling epi.c...
compiling gpio.c...
compiling cpu.c...
compiling i2c.c...
compiling interrupt.c...
compiling lcd.c...
compiling hibernate.c...
compiling mpu.c...
compiling qei.c...
compiling pwm.c...
compiling shamd5.c...
compiling sw_crc.c...
compiling ssi.c...
compiling sysexc.c...
compiling systick.c...
compiling uart.c...
compiling timer.c...
compiling udma.c...
compiling watchdog.c...
compiling usb.c...
compiling sysctl.c...
assembling startup_rvmdk.S...
compiling main.c...
compiling uartstdio.c...
compiling Bling.c...
compiling Calibration.c...
compiling IST8310.c...
compiling Filter.c...
compiling GPS.c...
compiling Key.c...
compiling myiic.c...
compiling mpu6050.c...
compiling OpticalFlow_LC306.c...
compiling OLED.c...
compiling PPM.c...
compiling Ringbuf.c...
compiling RC.c...
compiling PID.c...
compiling Schedule.c...
compiling Time.c...
compiling SPL06.c...
compiling US_100.c...
compiling Time_Cnt.c...
compiling SINS.c...
compiling SYSTEM.c...
compiling Usart.c...
compiling WP_ADC.c...
compiling wp_flash.c...
compiling RDroneSudio.c...
compiling WP_PWM.c...
compiling Soft_I2C.c...
compiling ssd1306.c...
compiling WP_Math.c...
compiling QMC5883.c...
compiling tfmini.c...
compiling ICM20689.c...
compiling LCD_ST7789.c...
compiling MMC3630.c...
compiling VL53L1X.c...
compiling NCLink.c...
compiling vl53l1x_i2c.c...
compiling vl53l1_platform.c...
compiling TOPSensor.c...
compiling CalibrationRoutines.c...
compiling control_land.c...
compiling control_althold.c...
compiling control_poshold.c...
compiling WP_Ctrl.c...
compiling Earth_Declination.c...
compiling License.c...
compiling NamelessCorun_OpticalFlow.c...
compiling OpticalFlow_Control.c...
compiling NamelessCotrun_SDK.c...
compiling Sensor.c...
compiling Compass.c...
compiling Temperature_Ctrl.c...
compiling Developer_Mode.c...
compiling vl53l1_api.c...
compiling ADC_Button.c...
compiling vl53l1_api_calibration.c...
compiling vl53l1_api_debug.c...
compiling vl53l1_error_strings.c...
compiling vl53l1_api_core.c...
compiling vl53l1_api_preset_modes.c...
compiling vl53l1_api_strings.c...
compiling vl53l1_core_support.c...
compiling vl53l1_core.c...
compiling vl53l1_register_funcs.c...
compiling vl53l1_wait.c...
compiling vl53l1_silicon_core.c...
linking...
Program Size: Code=140276 RO-data=11336 RW-data=4716 ZI-data=23156  
FromELF: creating hex file...
After Build - User command #2: fromelf --bin -o "C:\Users\24975\Desktop\新建文件夹\无名创新LaunchPad核心板飞控源码、增补资料V4.0.1_20210525\程序源码\CarryPilot_For_LaunchPad_4.0.1_20210525_Released\Output\CarryPilot.bin" "C:\Users\24975\Desktop\新建文件夹\无名创新LaunchPad核心板飞控源码、增补资料V4.0.1_20210525\程序源码\CarryPilot_For_LaunchPad_4.0.1_20210525_Released\Output\CarryPilot.axf"
".\Output\CarryPilot.axf" - 0 Error(s), 0 Warning(s).

<h2>Software Packages used:</h2>

Package Vendor: Keil
                http://www.keil.com/pack/Keil.TM4C_DFP.1.1.0.pack
                Keil.TM4C_DFP.1.1.0
                Texas Instruments Tiva C Series Device Support and Examples

<h2>Collection of Component include folders:</h2>
  .\RTE\_CarryPilot_LaunchPad_V4.0.1
  D:\software\uv5\uv\ARM\PACK\Keil\TM4C_DFP\1.1.0\Device\Include\TM4C123

<h2>Collection of Component Files used:</h2>
Build Time Elapsed:  00:00:24
</pre>
</body>
</html>
