Component: ARM Compiler 5.06 update 6 (build 750) Tool: armlink [4d35ed]

==============================================================================

Section Cross References

    adc.o(i.ADCIntRegister) refers to adc.o(i._ADCIntNumberGet) for _ADCIntNumberGet
    adc.o(i.ADCIntRegister) refers to interrupt.o(i.IntRegister) for IntRegister
    adc.o(i.ADCIntRegister) refers to interrupt.o(i.IntEnable) for IntEnable
    adc.o(i.ADCIntUnregister) refers to adc.o(i._ADCIntNumberGet) for _ADCIntNumberGet
    adc.o(i.ADCIntUnregister) refers to interrupt.o(i.IntDisable) for IntDisable
    adc.o(i.ADCIntUnregister) refers to interrupt.o(i.IntUnregister) for IntUnregister
    adc.o(i.ADCSoftwareOversampleConfigure) refers to adc.o(.data) for g_pui8OversampleFactor
    adc.o(i.ADCSoftwareOversampleDataGet) refers to adc.o(.data) for g_pui8OversampleFactor
    adc.o(i.ADCSoftwareOversampleStepConfigure) refers to adc.o(.data) for g_pui8OversampleFactor
    aes.o(i.AESDataAuth) refers to aes.o(i.AESLengthSet) for AESLengthSet
    aes.o(i.AESDataAuth) refers to aes.o(i.AESDataWrite) for AESDataWrite
    aes.o(i.AESDataAuth) refers to aes.o(i.AESTagRead) for AESTagRead
    aes.o(i.AESDataProcess) refers to aes.o(i.AESLengthSet) for AESLengthSet
    aes.o(i.AESDataProcess) refers to aes.o(i.AESDataWrite) for AESDataWrite
    aes.o(i.AESDataProcess) refers to aes.o(i.AESDataRead) for AESDataRead
    aes.o(i.AESDataProcessAuth) refers to aes.o(i.AESLengthSet) for AESLengthSet
    aes.o(i.AESDataProcessAuth) refers to aes.o(i.AESAuthLengthSet) for AESAuthLengthSet
    aes.o(i.AESDataProcessAuth) refers to aes.o(i.AESDataWrite) for AESDataWrite
    aes.o(i.AESDataProcessAuth) refers to aes.o(i.AESDataRead) for AESDataRead
    aes.o(i.AESDataProcessAuth) refers to aes.o(i.AESTagRead) for AESTagRead
    aes.o(i.AESIntRegister) refers to interrupt.o(i.IntRegister) for IntRegister
    aes.o(i.AESIntRegister) refers to interrupt.o(i.IntEnable) for IntEnable
    aes.o(i.AESIntUnregister) refers to interrupt.o(i.IntDisable) for IntDisable
    aes.o(i.AESIntUnregister) refers to interrupt.o(i.IntUnregister) for IntUnregister
    can.o(i.CANBitRateSet) refers to can.o(.constdata) for g_ui16CANBitValues
    can.o(i.CANIntRegister) refers to can.o(i._CANIntNumberGet) for _CANIntNumberGet
    can.o(i.CANIntRegister) refers to interrupt.o(i.IntRegister) for IntRegister
    can.o(i.CANIntRegister) refers to interrupt.o(i.IntEnable) for IntEnable
    can.o(i.CANIntUnregister) refers to can.o(i._CANIntNumberGet) for _CANIntNumberGet
    can.o(i.CANIntUnregister) refers to interrupt.o(i.IntDisable) for IntDisable
    can.o(i.CANIntUnregister) refers to interrupt.o(i.IntUnregister) for IntUnregister
    can.o(i.CANMessageGet) refers to can.o(i._CANDataRegRead) for _CANDataRegRead
    can.o(i.CANMessageSet) refers to can.o(i._CANDataRegWrite) for _CANDataRegWrite
    comp.o(i.ComparatorIntRegister) refers to interrupt.o(i.IntRegister) for IntRegister
    comp.o(i.ComparatorIntRegister) refers to interrupt.o(i.IntEnable) for IntEnable
    comp.o(i.ComparatorIntUnregister) refers to interrupt.o(i.IntDisable) for IntDisable
    comp.o(i.ComparatorIntUnregister) refers to interrupt.o(i.IntUnregister) for IntUnregister
    crc.o(i.CRCDataProcess) refers to crc.o(i.CRCResultRead) for CRCResultRead
    des.o(i.DESDataProcess) refers to des.o(i.DESDataWriteNonBlocking) for DESDataWriteNonBlocking
    des.o(i.DESDataProcess) refers to des.o(i.DESDataReadNonBlocking) for DESDataReadNonBlocking
    des.o(i.DESIntRegister) refers to interrupt.o(i.IntRegister) for IntRegister
    des.o(i.DESIntRegister) refers to interrupt.o(i.IntEnable) for IntEnable
    des.o(i.DESIntUnregister) refers to interrupt.o(i.IntDisable) for IntDisable
    des.o(i.DESIntUnregister) refers to interrupt.o(i.IntUnregister) for IntUnregister
    eeprom.o(i.EEPROMInit) refers to sysctl.o(.emb_text) for SysCtlDelay
    eeprom.o(i.EEPROMInit) refers to eeprom.o(i._EEPROMWaitForDone) for _EEPROMWaitForDone
    eeprom.o(i.EEPROMInit) refers to sysctl.o(i.SysCtlPeripheralReset) for SysCtlPeripheralReset
    eeprom.o(i.EEPROMIntClear) refers to eeprom.o(i._EEPROMSectorMaskClear) for _EEPROMSectorMaskClear
    eeprom.o(i.EEPROMMassErase) refers to eeprom.o(i._EEPROMSectorMaskClear) for _EEPROMSectorMaskClear
    eeprom.o(i.EEPROMMassErase) refers to eeprom.o(i._EEPROMWaitForDone) for _EEPROMWaitForDone
    eeprom.o(i.EEPROMMassErase) refers to sysctl.o(i.SysCtlPeripheralReset) for SysCtlPeripheralReset
    eeprom.o(i.EEPROMMassErase) refers to sysctl.o(.emb_text) for SysCtlDelay
    eeprom.o(i.EEPROMProgram) refers to eeprom.o(i._EEPROMSectorMaskSet) for _EEPROMSectorMaskSet
    eeprom.o(i.EEPROMProgram) refers to eeprom.o(i._EEPROMSectorMaskClear) for _EEPROMSectorMaskClear
    eeprom.o(i.EEPROMProgramNonBlocking) refers to eeprom.o(i._EEPROMSectorMaskSet) for _EEPROMSectorMaskSet
    eeprom.o(i._EEPROMSectorMaskClear) refers to sysctl.o(.emb_text) for SysCtlDelay
[...]
    0x00000346   0x00000346   0x00000000   Code   RO        12547    .ARM.Collect$$libshutdown$$00000002  c_wu.l(libshutdown2.o)
    0x00000346   0x00000346   0x00000000   Code   RO        12549    .ARM.Collect$$libshutdown$$00000004  c_wu.l(libshutdown2.o)
    0x00000346   0x00000346   0x00000000   Code   RO        12552    .ARM.Collect$$libshutdown$$00000007  c_wu.l(libshutdown2.o)
    0x00000346   0x00000346   0x00000000   Code   RO        12555    .ARM.Collect$$libshutdown$$0000000A  c_wu.l(libshutdown2.o)
    0x00000346   0x00000346   0x00000000   Code   RO        12557    .ARM.Collect$$libshutdown$$0000000C  c_wu.l(libshutdown2.o)
    0x00000346   0x00000346   0x00000000   Code   RO        12560    .ARM.Collect$$libshutdown$$0000000F  c_wu.l(libshutdown2.o)
    0x00000346   0x00000346   0x00000002   Code   RO        12561    .ARM.Collect$$libshutdown$$00000010  c_wu.l(libshutdown2.o)
    0x00000348   0x00000348   0x00000000   Code   RO        12295    .ARM.Collect$$rtentry$$00000000  c_wu.l(__rtentry.o)
    0x00000348   0x00000348   0x00000000   Code   RO        12465    .ARM.Collect$$rtentry$$00000002  c_wu.l(__rtentry2.o)
    0x00000348   0x00000348   0x00000006   Code   RO        12477    .ARM.Collect$$rtentry$$00000004  c_wu.l(__rtentry4.o)
    0x0000034e   0x0000034e   0x00000000   Code   RO        12467    .ARM.Collect$$rtentry$$00000009  c_wu.l(__rtentry2.o)
    0x0000034e   0x0000034e   0x00000004   Code   RO        12468    .ARM.Collect$$rtentry$$0000000A  c_wu.l(__rtentry2.o)
    0x00000352   0x00000352   0x00000000   Code   RO        12470    .ARM.Collect$$rtentry$$0000000C  c_wu.l(__rtentry2.o)
    0x00000352   0x00000352   0x00000008   Code   RO        12471    .ARM.Collect$$rtentry$$0000000D  c_wu.l(__rtentry2.o)
    0x0000035a   0x0000035a   0x00000002   Code   RO        12536    .ARM.Collect$$rtexit$$00000000  c_wu.l(rtexit.o)
    0x0000035c   0x0000035c   0x00000000   Code   RO        12567    .ARM.Collect$$rtexit$$00000002  c_wu.l(rtexit2.o)
    0x0000035c   0x0000035c   0x00000004   Code   RO        12568    .ARM.Collect$$rtexit$$00000003  c_wu.l(rtexit2.o)
    0x00000360   0x00000360   0x00000006   Code   RO        12569    .ARM.Collect$$rtexit$$00000004  c_wu.l(rtexit2.o)
    0x00000366   0x00000366   0x00000002   PAD
    0x00000368   0x00000368   0x00000026   Code   RO          651    .emb_text           cpu.o
    0x0000038e   0x0000038e   0x00000002   PAD
    0x00000390   0x00000390   0x00000006   Code   RO         3864    .emb_text           sysctl.o
    0x00000396   0x00000396   0x00000002   PAD
    0x00000398   0x00000398   0x0000001c   Code   RO         6104    .text               startup_rvmdk.o
    0x000003b4   0x000003b4   0x0000008a   Code   RO        12031    .text               c_wu.l(rt_memcpy_v6.o)
    0x0000043e   0x0000043e   0x00000008   Code   RO        12033    .text               c_wu.l(memcpy.o)
    0x00000446   0x00000446   0x00000064   Code   RO        12035    .text               c_wu.l(rt_memcpy_w.o)
    0x000004aa   0x000004aa   0x00000010   Code   RO        12037    .text               c_wu.l(aeabi_memset.o)
    0x000004ba   0x000004ba   0x00000044   Code   RO        12039    .text               c_wu.l(rt_memclr.o)
    0x000004fe   0x000004fe   0x0000004e   Code   RO        12041    .text               c_wu.l(rt_memclr_w.o)
    0x0000054c   0x0000054c   0x00000006   Code   RO        12045    .text               c_wu.l(heapauxi.o)
    0x00000552   0x00000552   0x00000016   Code   RO        12321    .text               c_wu.l(_rserrno.o)
    0x00000568   0x00000568   0x00000008   Code   RO        12461    .text               c_wu.l(libspace.o)
    0x00000570   0x00000570   0x00000008   Code   RO        12482    .text               c_wu.l(rt_errno_addr_intlibspace.o)
    0x00000578   0x00000578   0x00000002   Code   RO        12507    .text               c_wu.l(use_no_semi.o)
    0x0000057a   0x0000057a   0x00000000   Code   RO        12509    .text               c_wu.l(indicate_semi.o)
    0x0000057a   0x0000057a   0x0000004a   Code   RO        12510    .text               c_wu.l(sys_stackheap_outer.o)
    0x000005c4   0x000005c4   0x00000012   Code   RO        12516    .text               c_wu.l(exit.o)
    0x000005d6   0x000005d6   0x00000002   PAD
    0x000005d8   0x000005d8   0x0000000c   Code   RO        12534    .text               c_wu.l(sys_exit.o)
    0x000005e4   0x000005e4   0x00000028   Code   RO         7856    i.ADC0IntHandler    wp_adc.o
    0x0000060c   0x0000060c   0x00000008   Code   RO           10    i.ADCIntClear       adc.o
    0x00000614   0x00000614   0x00000012   Code   RO           14    i.ADCIntEnable      adc.o
    0x00000626   0x00000626   0x00000008   Code   RO           15    i.ADCIntEnableEx    adc.o
    0x0000062e   0x0000062e   0x00000026   Code   RO           16    i.ADCIntRegister    adc.o
    0x00000654   0x00000654   0x00000018   Code   RO           22    i.ADCProcessorTrigger  adc.o
    0x0000066c   0x0000066c   0x0000002c   Code   RO           25    i.ADCSequenceConfigure  adc.o
    0x00000698   0x00000698   0x00000022   Code   RO           28    i.ADCSequenceDataGet  adc.o
    0x000006ba   0x000006ba   0x0000000c   Code   RO           30    i.ADCSequenceEnable  adc.o
    0x000006c6   0x000006c6   0x00000076   Code   RO           33    i.ADCSequenceStepConfigure  adc.o
    0x0000073c   0x0000073c   0x00000058   Code   RO        10280    i.ADC_Button_Init   adc_button.o
    0x00000794   0x00000794   0x00000178   Code   RO        10281    i.ADC_Button_Read   adc_button.o
    0x0000090c   0x0000090c   0x0000000c   Code   RO        10282    i.ADC_Button_Scan   adc_button.o
    0x00000918   0x00000918   0x000000a8   Code   RO         7857    i.ADC_Init          wp_adc.o
    0x000009c0   0x000009c0   0x00000030   Code   RO         7858    i.ADC_Sample_Trigger  wp_adc.o
    0x000009f0   0x000009f0   0x00000258   Code   RO         6161    i.Accel_Calibartion  calibration.o
    0x00000c48   0x00000c48   0x00000564   Code   RO         6162    i.Accel_Calibration_Check  calibration.o
    0x000011ac   0x000011ac   0x000000d8   Code   RO         7323    i.Alt_SINS_Init     sins.o
    0x00001284   0x00001284   0x00000110   Code   RO         9665    i.Angle_Control_Target  wp_ctrl.o
    0x00001394   0x00001394   0x0000002c   Code   RO         9666    i.Attitude_Control  wp_ctrl.o
    0x000013c0   0x000013c0   0x00000158   Code   RO        10262    i.Auto_Flight_Ctrl  developer_mode.o
    0x00001518   0x00001518   0x00000020   Code   RO         6365    i.Bling_Init        bling.o
    0x00001538   0x00001538   0x0000007e   Code   RO         6366    i.Bling_Process     bling.o
    0x000015b6   0x000015b6   0x00000030   Code   RO         6367    i.Bling_Set         bling.o
    0x000015e6   0x000015e6   0x00000002   PAD
    0x000015e8   0x000015e8   0x00000180   Code   RO         6368    i.Bling_Working     bling.o
    0x00001768   0x00001768   0x000000f0   Code   RO         6421    i.Butterworth_Parameter_Init  filter.o
    0x00001858   0x00001858   0x00000164   Code   RO         6163    i.Calibrate_Find_Delta  calibration.o
    0x000019bc   0x000019bc   0x00000044   Code   RO         6164    i.Calibrate_Reset_Matrices  calibration.o
    0x00001a00   0x00001a00   0x000000f6   Code   RO         6165    i.Calibrate_Update_Matrices  calibration.o
    0x00001af6   0x00001af6   0x00000002   PAD
    0x00001af8   0x00001af8   0x000002ac   Code   RO         6166    i.Calibrate_accel   calibration.o
    0x00001da4   0x00001da4   0x00000030   Code   RO         9667    i.CarryPilot_Control  wp_ctrl.o
    0x00001dd4   0x00001dd4   0x00000098   Code   RO        10323    i.ChangePresetMode  vl53l1_api.o
    0x00001e6c   0x00001e6c   0x00000034   Code   RO         6168    i.Check_Calibration_Flag  calibration.o
    0x00001ea0   0x00001ea0   0x000001c8   Code   RO         6169    i.Check_Plane_Sampling_Okay  calibration.o
    0x00002068   0x00002068   0x00000100   Code   RO         9988    i.Color_Block_Control_Pliot  opticalflow_control.o
    0x00002168   0x00002168   0x000000a0   Code   RO        10190    i.Compass_Fault_Check  compass.o
    0x00002208   0x00002208   0x00000028   Code   RO        10191    i.Compass_Init      compass.o
    0x00002230   0x00002230   0x00000124   Code   RO        10192    i.Compass_Read_Data  compass.o
    0x00002354   0x00002354   0x00000074   Code   RO        10325    i.ComputeDevicePresetMode  vl53l1_api.o
    0x000023c8   0x000023c8   0x000000a0   Code   RO        10326    i.ComputeRQL        vl53l1_api.o
    0x00002468   0x00002468   0x00000110   Code   RO         7037    i.Config_Init_Uart  opticalflow_lc306.o
    0x00002578   0x00002578   0x00000070   Code   RO         7723    i.ConfigureUART0    usart.o
    0x000025e8   0x000025e8   0x00000074   Code   RO         7724    i.ConfigureUART1    usart.o
    0x0000265c   0x0000265c   0x00000074   Code   RO         7726    i.ConfigureUART3    usart.o
    0x000026d0   0x000026d0   0x000000a4   Code   RO         7727    i.ConfigureUART6    usart.o
    0x00002774   0x00002774   0x00000210   Code   RO         7728    i.ConfigureUART7    usart.o
    0x00002984   0x00002984   0x00000148   Code   RO         7058    i.Control_Device_LPF  pid.o
    0x00002acc   0x00002acc   0x0000062c   Code   RO         9668    i.Control_Output    wp_ctrl.o
    0x000030f8   0x000030f8   0x000001fc   Code   RO         9669    i.Controler_Mode_Select  wp_ctrl.o
    0x000032f4   0x000032f4   0x00000048   Code   RO        10329    i.ConvertStatusLite  vl53l1_api.o
    0x0000333c   0x0000333c   0x00000018   Code   RO         9324    i.DelayUs           vl53l1x_i2c.o
    0x00003354   0x00003354   0x0000000c   Code   RO         7543    i.Delay_Ms          time.o
    0x00003360   0x00003360   0x00000028   Code   RO         6723    i.Double_ReadI2C    myiic.o
    0x00003388   0x00003388   0x00000048   Code   RO         6814    i.Draw_Logo1        oled.o
    0x000033d0   0x000033d0   0x00000044   Code   RO          831    i.EEPROMInit        eeprom.o
    0x00003414   0x00003414   0x00000058   Code   RO          836    i.EEPROMMassErase   eeprom.o
    0x0000346c   0x0000346c   0x000000c8   Code   RO          837    i.EEPROMProgram     eeprom.o
    0x00003534   0x00003534   0x00000038   Code   RO          839    i.EEPROMRead        eeprom.o
    0x0000356c   0x0000356c   0x00000014   Code   RO         7896    i.EEPROM_Init       wp_flash.o
    0x00003580   0x00003580   0x0000014c   Code   RO         6170    i.ESC_Calibration   calibration.o
    0x000036cc   0x000036cc   0x00000158   Code   RO         6171    i.ESC_Calibration_Check  calibration.o
    0x00003824   0x00003824   0x000000fc   Code   RO         9772    i.ESC_HardWave_Init  license.o
    0x00003920   0x00003920   0x00000424   Code   RO        10104    i.Euler_Angle_Init  sensor.o
    0x00003d44   0x00003d44   0x00000a9c   Code   RO        10105    i.Euler_Angle_Init_Again  sensor.o
    0x000047e0   0x000047e0   0x00000014   Code   RO         1768    i.FPUEnable         fpu.o
    0x000047f4   0x000047f4   0x00000014   Code   RO         1771    i.FPULazyStackingEnable  fpu.o
    0x00004808   0x00004808   0x00000014   Code   RO         7979    i.FastSqrt          wp_math.o
    0x0000481c   0x0000481c   0x00000048   Code   RO         7980    i.FastSqrtI         wp_math.o
    0x00004864   0x00004864   0x00000194   Code   RO         7981    i.FastTan           wp_math.o
    0x000049f8   0x000049f8   0x000004cc   Code   RO         9538    i.Flight_Alt_Hold_Control  control_althold.o
    0x00004ec4   0x00004ec4   0x00000064   Code   RO         8890    i.Float2Byte        nclink.o
    0x00004f28   0x00004f28   0x00000118   Code   RO         9989    i.Front_AprilTag_Control_Pliot  opticalflow_control.o
    0x00005040   0x00005040   0x00000032   Code   RO         1835    i.GPIODirModeSet    gpio.o
    0x00005072   0x00005072   0x00000006   Code   RO         1836    i.GPIOIntClear      gpio.o
    0x00005078   0x00005078   0x0000000c   Code   RO         1838    i.GPIOIntEnable     gpio.o
    0x00005084   0x00005084   0x0000001e   Code   RO         1839    i.GPIOIntRegister   gpio.o
    0x000050a2   0x000050a2   0x00000066   Code   RO         1842    i.GPIOIntTypeSet    gpio.o
    0x00005108   0x00005108   0x00000156   Code   RO         1845    i.GPIOPadConfigSet  gpio.o
    0x0000525e   0x0000525e   0x00000002   PAD
    0x00005260   0x00005260   0x00000050   Code   RO         1846    i.GPIOPinConfigure  gpio.o
    0x000052b0   0x000052b0   0x0000000c   Code   RO         1847    i.GPIOPinRead       gpio.o
    0x000052bc   0x000052bc   0x0000001e   Code   RO         1848    i.GPIOPinTypeADC    gpio.o
    0x000052da   0x000052da   0x0000001e   Code   RO         1856    i.GPIOPinTypeGPIOInput  gpio.o
    0x000052f8   0x000052f8   0x0000001e   Code   RO         1857    i.GPIOPinTypeGPIOOutput  gpio.o
    0x00005316   0x00005316   0x0000001e   Code   RO         1859    i.GPIOPinTypeI2C    gpio.o
    0x00005334   0x00005334   0x0000001e   Code   RO         1860    i.GPIOPinTypeI2CSCL  gpio.o
    0x00005352   0x00005352   0x0000001e   Code   RO         1868    i.GPIOPinTypePWM    gpio.o
    0x00005370   0x00005370   0x0000001e   Code   RO         1872    i.GPIOPinTypeUART   gpio.o
    0x0000538e   0x0000538e   0x0000000a   Code   RO         1878    i.GPIOPinWrite      gpio.o
    0x00005398   0x00005398   0x00000010   Code   RO         6370    i.GPIO_SetBits      bling.o
    0x000053a8   0x000053a8   0x000000d4   Code   RO         7324    i.GPSData_Sort      sins.o
    0x0000547c   0x0000547c   0x00000050   Code   RO         6562    i.GPS_Data_Prase    gps.o
    0x000054cc   0x000054cc   0x000006a0   Code   RO         6563    i.GPS_PVT_Parse     gps.o
    0x00005b6c   0x00005b6c   0x000000e8   Code   RO        10106    i.Get_Baro_Offset   sensor.o
    0x00005c54   0x00005c54   0x00000094   Code   RO         7859    i.Get_Battery_Voltage  wp_adc.o
    0x00005ce8   0x00005ce8   0x000005b8   Code   RO        10107    i.Get_Status_Feedback  sensor.o
    0x000062a0   0x000062a0   0x00000048   Code   RO         7303    i.Get_Systime       schedule.o
    0x000062e8   0x000062e8   0x00000050   Code   RO         7210    i.Get_Thr_Rate      rc.o
    0x00006338   0x00006338   0x0000005c   Code   RO         8712    i.Ground_Sensor_Statemachine  tfmini.o
    0x00006394   0x00006394   0x00000280   Code   RO         6172    i.Gyro_Calibration_Check  calibration.o
    0x00006614   0x00006614   0x00000068   Code   RO         9670    i.Gyro_Control      wp_ctrl.o
    0x0000667c   0x0000667c   0x00000064   Code   RO         7701    i.HardWave_Init     system.o
    0x000066e0   0x000066e0   0x000002dc   Code   RO         6174    i.Horizontal_Calibration_Check  calibration.o
    0x000069bc   0x000069bc   0x00000054   Code   RO         6175    i.Horizontal_Calibration_Init  calibration.o
    0x00006a10   0x00006a10   0x00000012   Code   RO         2489    i.I2CMasterBusy     i2c.o
    0x00006a22   0x00006a22   0x00000004   Code   RO         2490    i.I2CMasterControl  i2c.o
    0x00006a26   0x00006a26   0x00000006   Code   RO         2491    i.I2CMasterDataGet  i2c.o
    0x00006a2c   0x00006a2c   0x00000004   Code   RO         2492    i.I2CMasterDataPut  i2c.o
    0x00006a30   0x00006a30   0x0000000a   Code   RO         2494    i.I2CMasterEnable   i2c.o
    0x00006a3a   0x00006a3a   0x00000002   PAD
    0x00006a3c   0x00006a3c   0x0000005c   Code   RO         2497    i.I2CMasterInitExpClk  i2c.o
    0x00006a98   0x00006a98   0x00000008   Code   RO         2507    i.I2CMasterSlaveAddrSet  i2c.o
    0x00006aa0   0x00006aa0   0x00000008   Code   RO         8562    i.I2C_GPIO_Config   soft_i2c.o
    0x00006aa8   0x00006aa8   0x0000010c   Code   RO         6687    i.IMU_Calibration   mpu6050.o
    0x00006bb4   0x00006bb4   0x00000060   Code   RO         6724    i.Init_I2C          myiic.o
    0x00006c14   0x00006c14   0x00000078   Code   RO         6725    i.Init_I2C0         myiic.o
    0x00006c8c   0x00006c8c   0x00000188   Code   RO         8125    i.Init_PWM          wp_pwm.o
    0x00006e14   0x00006e14   0x00000074   Code   RO         2817    i.IntEnable         interrupt.o
    0x00006e88   0x00006e88   0x00000010   Code   RO         2819    i.IntMasterDisable  interrupt.o
    0x00006e98   0x00006e98   0x00000010   Code   RO         2820    i.IntMasterEnable   interrupt.o
    0x00006ea8   0x00006ea8   0x0000001c   Code   RO         2825    i.IntPriorityGroupingSet  interrupt.o
    0x00006ec4   0x00006ec4   0x00000034   Code   RO         2828    i.IntPrioritySet    interrupt.o
    0x00006ef8   0x00006ef8   0x0000003c   Code   RO         2829    i.IntRegister       interrupt.o
    0x00006f34   0x00006f34   0x000006a4   Code   RO         7325    i.KalmanFilter      sins.o
    0x000075d8   0x000075d8   0x00000498   Code   RO         7326    i.KalmanFilter_Horizontal  sins.o
    0x00007a70   0x00007a70   0x00000a88   Code   RO         7327    i.KalmanFilter_Horizontal_GPS  sins.o
    0x000084f8   0x000084f8   0x00000088   Code   RO         6634    i.Key_Init          key.o
    0x00008580   0x00008580   0x0000026c   Code   RO         6635    i.Key_Scan          key.o
    0x000087ec   0x000087ec   0x00000038   Code   RO         6818    i.LCD_CLS           oled.o
    0x00008824   0x00008824   0x00000048   Code   RO         6820    i.LCD_P6x8Char      oled.o
    0x0000886c   0x0000886c   0x00000064   Code   RO         6821    i.LCD_P6x8Str       oled.o
    0x000088d0   0x000088d0   0x00000088   Code   RO         6823    i.LCD_P8x16Str      oled.o
    0x00008958   0x00008958   0x00000028   Code   RO         6824    i.LCD_Set_Pos       oled.o
    0x00008980   0x00008980   0x00000068   Code   RO         6825    i.LCD_WrCmd         oled.o
    0x000089e8   0x000089e8   0x0000005c   Code   RO         6826    i.LCD_WrDat         oled.o
    0x00008a44   0x00008a44   0x00000036   Code   RO         6827    i.LCD_clear_L       oled.o
    0x00008a7a   0x00008a7a   0x00000148   Code   RO         6425    i.LPButterworth     filter.o
    0x00008bc2   0x00008bc2   0x000000fc   Code   RO         9501    i.LS_Accumulate     calibrationroutines.o
    0x00008cbe   0x00008cbe   0x0000057c   Code   RO         9502    i.LS_Calculate      calibrationroutines.o
    0x0000923a   0x0000923a   0x0000000e   Code   RO         9503    i.LS_Init           calibrationroutines.o
    0x00009248   0x00009248   0x000001ac   Code   RO         6688    i.MPU6050_Init      mpu6050.o
    0x000093f4   0x000093f4   0x0000016c   Code   RO         6689    i.MPU6050_Read_Data  mpu6050.o
    0x00009560   0x00009560   0x00000a0c   Code   RO        10108    i.Madgwick_AHRS_Update_IMU  sensor.o
    0x00009f6c   0x00009f6c   0x00000462   Code   RO         6177    i.Mag_Calibartion_LS  calibration.o
    0x0000a3ce   0x0000a3ce   0x00000002   PAD
    0x0000a3d0   0x0000a3d0   0x00000380   Code   RO         6178    i.Mag_Calibration_Check  calibration.o
    0x0000a750   0x0000a750   0x000000e0   Code   RO         9671    i.Main_Leading_Control  wp_ctrl.o
    0x0000a830   0x0000a830   0x00000154   Code   RO         8891    i.NCLink_Data_Prase_Prepare  nclink.o
    0x0000a984   0x0000a984   0x00001174   Code   RO         8892    i.NCLink_Data_Prase_Process  nclink.o
    0x0000baf8   0x0000baf8   0x000003f4   Code   RO         8893    i.NCLink_SEND_StateMachine  nclink.o
    0x0000beec   0x0000beec   0x000000d8   Code   RO         8894    i.NCLink_Send_CalParadata1  nclink.o
    0x0000bfc4   0x0000bfc4   0x000000d8   Code   RO         8895    i.NCLink_Send_CalParadata2  nclink.o
    0x0000c09c   0x0000c09c   0x000000a0   Code   RO         8896    i.NCLink_Send_CalParadata3  nclink.o
    0x0000c13c   0x0000c13c   0x000000e4   Code   RO         8897    i.NCLink_Send_CalRawdata1  nclink.o
    0x0000c220   0x0000c220   0x000000ac   Code   RO         8898    i.NCLink_Send_CalRawdata2  nclink.o
    0x0000c2cc   0x0000c2cc   0x0000005c   Code   RO         8899    i.NCLink_Send_Check  nclink.o
    0x0000c328   0x0000c328   0x000004e0   Code   RO         8900    i.NCLink_Send_Check_Status_Parameter  nclink.o
    0x0000c808   0x0000c808   0x00000250   Code   RO         8901    i.NCLink_Send_Fusion_NE  nclink.o
    0x0000ca58   0x0000ca58   0x0000014c   Code   RO         8902    i.NCLink_Send_Fusion_U  nclink.o
    0x0000cba4   0x0000cba4   0x00000138   Code   RO         8903    i.NCLink_Send_GPSData  nclink.o
    0x0000ccdc   0x0000ccdc   0x00000194   Code   RO         8904    i.NCLink_Send_Obs_NE  nclink.o
    0x0000ce70   0x0000ce70   0x00000194   Code   RO         8905    i.NCLink_Send_Obs_UOP  nclink.o
    0x0000d004   0x0000d004   0x00000264   Code   RO         8906    i.NCLink_Send_PID   nclink.o
    0x0000d268   0x0000d268   0x00000188   Code   RO         8907    i.NCLink_Send_Parameter  nclink.o
    0x0000d3f0   0x0000d3f0   0x00000158   Code   RO         8908    i.NCLink_Send_RCData  nclink.o
    0x0000d548   0x0000d548   0x000001a8   Code   RO         8909    i.NCLink_Send_Senser  nclink.o
    0x0000d6f0   0x0000d6f0   0x00000290   Code   RO         8910    i.NCLink_Send_Status  nclink.o
    0x0000d980   0x0000d980   0x000000d8   Code   RO         8911    i.NCLink_Send_Userdata  nclink.o
    0x0000da58   0x0000da58   0x00000038   Code   RO         9863    i.NCQ_SDK_Reset     namelesscotrun_sdk.o
    0x0000da90   0x0000da90   0x000000fc   Code   RO         9864    i.NCQ_SDK_Run       namelesscotrun_sdk.o
    0x0000db8c   0x0000db8c   0x00000068   Code   RO         6834    i.OLED_Init         oled.o
    0x0000dbf4   0x0000dbf4   0x00000060   Code   RO         6835    i.OLED_Init_Fast    oled.o
    0x0000dc54   0x0000dc54   0x0000001c   Code   RO         9990    i.OPT_Is_Fix        opticalflow_control.o
    0x0000dc70   0x0000dc70   0x0000022c   Code   RO        10109    i.Observation_Angle_Calculate  sensor.o
    0x0000de9c   0x0000de9c   0x00000624   Code   RO         7328    i.Observation_Tradeoff  sins.o
    0x0000e4c0   0x0000e4c0   0x00000324   Code   RO         9865    i.Openmv_Data_Receive_Anl_1  namelesscotrun_sdk.o
    0x0000e7e4   0x0000e7e4   0x000002c8   Code   RO         9866    i.Openmv_Data_Receive_Anl_2  namelesscotrun_sdk.o
    0x0000eaac   0x0000eaac   0x00000884   Code   RO         9816    i.Optflow_Prase     namelesscorun_opticalflow.o
    0x0000f330   0x0000f330   0x00000068   Code   RO         9817    i.Optflow_Statemachine  namelesscorun_opticalflow.o
    0x0000f398   0x0000f398   0x00000340   Code   RO         9818    i.OpticalFlow_CF    namelesscorun_opticalflow.o
    0x0000f6d8   0x0000f6d8   0x000001e8   Code   RO         9991    i.OpticalFlow_Control  opticalflow_control.o
    0x0000f8c0   0x0000f8c0   0x000001fc   Code   RO         9992    i.OpticalFlow_Control_Pure  opticalflow_control.o
    0x0000fabc   0x0000fabc   0x00000048   Code   RO         9993    i.OpticalFlow_Ctrl_Reset  opticalflow_control.o
    0x0000fb04   0x0000fb04   0x00000074   Code   RO         9994    i.OpticalFlow_Expect_Speed_Mapping  opticalflow_control.o
    0x0000fb78   0x0000fb78   0x000000d8   Code   RO         9819    i.OpticalFlow_Init  namelesscorun_opticalflow.o
    0x0000fc50   0x0000fc50   0x0000010c   Code   RO         9995    i.OpticalFlow_Pos_Control  opticalflow_control.o
    0x0000fd5c   0x0000fd5c   0x000000f0   Code   RO         9820    i.OpticalFlow_Rotate_Complementary_Filter  namelesscorun_opticalflow.o
    0x0000fe4c   0x0000fe4c   0x00000044   Code   RO         9996    i.OpticalFlow_SINS_Reset  opticalflow_control.o
    0x0000fe90   0x0000fe90   0x00000230   Code   RO         9999    i.OpticalFlow_Vel_Control  opticalflow_control.o
    0x000100c0   0x000100c0   0x00000100   Code   RO         6180    i.Other_Parameter_Default  calibration.o
    0x000101c0   0x000101c0   0x00000174   Code   RO         6181    i.Other_Parameter_Init  calibration.o
    0x00010334   0x00010334   0x000001dc   Code   RO         7061    i.PID_Control       pid.o
    0x00010510   0x00010510   0x00000224   Code   RO         7062    i.PID_Control_Div_LPF  pid.o
    0x00010734   0x00010734   0x00000284   Code   RO         7063    i.PID_Control_Div_LPF_For_Gyro  pid.o
    0x000109b8   0x000109b8   0x00000258   Code   RO         7065    i.PID_Control_SDK_Err_LPF  pid.o
    0x00010c10   0x00010c10   0x0000022c   Code   RO         7066    i.PID_Control_Yaw   pid.o
    0x00010e3c   0x00010e3c   0x00000174   Code   RO         7067    i.PID_Init          pid.o
    0x00010fb0   0x00010fb0   0x00000010   Code   RO         7068    i.PID_Integrate_Reset  pid.o
    0x00010fc0   0x00010fc0   0x00000048   Code   RO         7069    i.PID_LPF_Reset     pid.o
    0x00011008   0x00011008   0x00000398   Code   RO         7070    i.PID_Paramter_Init_With_Flash  pid.o
    0x000113a0   0x000113a0   0x0000004c   Code   RO         7185    i.PPM_Init          ppm.o
    0x000113ec   0x000113ec   0x00000030   Code   RO         3189    i.PWMGenConfigure   pwm.o
    0x0001141c   0x0001141c   0x0000000a   Code   RO         3191    i.PWMGenEnable      pwm.o
    0x00011426   0x00011426   0x00000016   Code   RO         3204    i.PWMGenPeriodSet   pwm.o
    0x0001143c   0x0001143c   0x00000014   Code   RO         3211    i.PWMOutputState    pwm.o
    0x00011450   0x00011450   0x00000026   Code   RO         3214    i.PWMPulseWidthSet  pwm.o
    0x00011476   0x00011476   0x00000002   PAD
    0x00011478   0x00011478   0x00000070   Code   RO         8126    i.PWM_Output        wp_pwm.o
    0x000114e8   0x000114e8   0x00000510   Code   RO         6182    i.Parameter_Init    calibration.o
    0x000119f8   0x000119f8   0x00000030   Code   RO         8912    i.Pilot_Status_Tick  nclink.o
    0x00011a28   0x00011a28   0x000000e4   Code   RO         7186    i.PortFIntHandler   ppm.o
    0x00011b0c   0x00011b0c   0x0000001a   Code   RO         8624    i.QMC5883L_Init     qmc5883.o
    0x00011b26   0x00011b26   0x00000028   Code   RO         8625    i.QMC5883L_Initialize  qmc5883.o
    0x00011b4e   0x00011b4e   0x0000000c   Code   RO         8630    i.QMC5883L_Reset    qmc5883.o
    0x00011b5a   0x00011b5a   0x00000012   Code   RO         8633    i.QMC5883L_Write_Reg  qmc5883.o
    0x00011b6c   0x00011b6c   0x00002c00   Code   RO         6636    i.QuadShow          key.o
    0x0001476c   0x0001476c   0x00000070   Code   RO         6371    i.Quad_Start_Bling  bling.o
    0x000147dc   0x000147dc   0x000005ec   Code   RO        10110    i.Quaternion_Init   sensor.o
    0x00014dc8   0x00014dc8   0x000001e0   Code   RO         6183    i.RC_Calibration_Check  calibration.o
    0x00014fa8   0x00014fa8   0x000001cc   Code   RO         6184    i.RC_Calibration_Init  calibration.o
    0x00015174   0x00015174   0x00000028   Code   RO         6185    i.RC_Calibration_RESET  calibration.o
    0x0001519c   0x0001519c   0x00000060   Code   RO         6186    i.RC_Calibration_Trigger  calibration.o
    0x000151fc   0x000151fc   0x00000054   Code   RO         7211    i.RC_Data_LPF_Filter  rc.o
    0x00015250   0x00015250   0x00000032   Code   RO         7212    i.RC_Read_Switch    rc.o
    0x00015282   0x00015282   0x00000002   PAD
    0x00015284   0x00015284   0x00000058   Code   RO         7213    i.RC_Scale_Set      rc.o
    0x000152dc   0x000152dc   0x00000012   Code   RO         7897    i.ReadFlashParameterALL  wp_flash.o
    0x000152ee   0x000152ee   0x00000012   Code   RO         7898    i.ReadFlashParameterOne  wp_flash.o
    0x00015300   0x00015300   0x00000034   Code   RO         7899    i.ReadFlashParameterThree  wp_flash.o
    0x00015334   0x00015334   0x00000020   Code   RO         7900    i.ReadFlashParameterTwo  wp_flash.o
    0x00015354   0x00015354   0x0000002c   Code   RO        10283    i.Read_ADC_Button_State_All  adc_button.o
    0x00015380   0x00015380   0x00000094   Code   RO        10284    i.Read_ADC_Button_State_One  adc_button.o
    0x00015414   0x00015414   0x00000020   Code   RO         6637    i.Read_Button_State_All  key.o
    0x00015434   0x00015434   0x0000009a   Code   RO         6638    i.Read_Button_State_One  key.o
    0x000154ce   0x000154ce   0x00000002   PAD
    0x000154d0   0x000154d0   0x00000968   Code   RO         7214    i.Remote_Control    rc.o
    0x00015e38   0x00015e38   0x00000158   Code   RO         7215    i.Remote_Data_Remap  rc.o
    0x00015f90   0x00015f90   0x0000006c   Code   RO         6187    i.Reset_Accel_Calibartion  calibration.o
    0x00015ffc   0x00015ffc   0x00000050   Code   RO         6188    i.Reset_Mag_Calibartion  calibration.o
    0x0001604c   0x0001604c   0x00000018   Code   RO         6189    i.Reset_RC_Calibartion  calibration.o
    0x00016064   0x00016064   0x00000008   Code   RO         9773    i.Resume_Factory_Setting  license.o
    0x0001606c   0x0001606c   0x00000032   Code   RO         7267    i.RingBuf_Write     ringbuf.o
    0x0001609e   0x0001609e   0x0000000a   Code   RO         7268    i.RingBuff_Init     ringbuf.o
    0x000160a8   0x000160a8   0x00000040   Code   RO         9867    i.SDK_DT_Reset      namelesscotrun_sdk.o
    0x000160e8   0x000160e8   0x00000054   Code   RO         9868    i.SDK_DT_Send_Check  namelesscotrun_sdk.o
    0x0001613c   0x0001613c   0x00000060   Code   RO         9870    i.SDK_Data_Prase_1  namelesscotrun_sdk.o
    0x0001619c   0x0001619c   0x00000060   Code   RO         9871    i.SDK_Data_Prase_2  namelesscotrun_sdk.o
    0x000161fc   0x000161fc   0x00000168   Code   RO         9872    i.SDK_Data_Receive_Prepare  namelesscotrun_sdk.o
    0x00016364   0x00016364   0x00000070   Code   RO         9873    i.SDK_Init          namelesscotrun_sdk.o
    0x000163d4   0x000163d4   0x0000021c   Code   RO         7329    i.SINS_Prepare      sins.o
    0x000165f0   0x000165f0   0x0000001e   Code   RO         7440    i.SPL06_Init        spl06.o
    0x0001660e   0x0001660e   0x00000002   PAD
    0x00016610   0x00016610   0x00000028   Code   RO         7441    i.SPL06_Read_Data   spl06.o
    0x00016638   0x00016638   0x000006d8   Code   RO         7071    i.Save_Or_Reset_PID_Parameter  pid.o
    0x00016d10   0x00016d10   0x0000005c   Code   RO         7072    i.Save_PID_Parameter  pid.o
    0x00016d6c   0x00016d6c   0x0000005c   Code   RO         9774    i.Schedule_init     license.o
    0x00016dc8   0x00016dc8   0x000001d4   Code   RO        10003    i.Self_Track_Control_Pliot  opticalflow_control.o
    0x00016f9c   0x00016f9c   0x00000014   Code   RO         7038    i.SensorConfig_UartSend  opticalflow_lc306.o
    0x00016fb0   0x00016fb0   0x000001c4   Code   RO         9874    i.Sensor_Parameter_Sort  namelesscotrun_sdk.o
    0x00017174   0x00017174   0x00000394   Code   RO        10111    i.Sensor_Update     sensor.o
    0x00017508   0x00017508   0x00000010   Code   RO         8913    i.Serial_Data_Send  nclink.o
    0x00017518   0x00017518   0x00000040   Code   RO        10330    i.SetLimitValue     vl53l1_api.o
    0x00017558   0x00017558   0x00000072   Code   RO        10331    i.SetPresetMode     vl53l1_api.o
    0x000175ca   0x000175ca   0x00000002   PAD
    0x000175cc   0x000175cc   0x00000154   Code   RO        10332    i.SetSimpleData     vl53l1_api.o
    0x00017720   0x00017720   0x000000d4   Code   RO         6427    i.Set_Cutoff_Frequency  filter.o
    0x000177f4   0x000177f4   0x00000100   Code   RO         7330    i.Set_GPS_Home      sins.o
    0x000178f4   0x000178f4   0x00000068   Code   RO        10222    i.Simulation_PWM_Init  temperature_ctrl.o
    0x0001795c   0x0001795c   0x00000044   Code   RO        10223    i.Simulation_PWM_Output  temperature_ctrl.o
    0x000179a0   0x000179a0   0x00000010   Code   RO         6726    i.Single_ReadI2C    myiic.o
    0x000179b0   0x000179b0   0x00000010   Code   RO         8563    i.Single_ReadI2C0   soft_i2c.o
    0x000179c0   0x000179c0   0x00000014   Code   RO         6727    i.Single_WriteI2C   myiic.o
    0x000179d4   0x000179d4   0x00000014   Code   RO         8564    i.Single_WriteI2C0  soft_i2c.o
    0x000179e8   0x000179e8   0x000000dc   Code   RO         7332    i.Strapdown_INS_High_Kalman  sins.o
    0x00017ac4   0x00017ac4   0x000000b0   Code   RO         7333    i.Strapdown_INS_Reset  sins.o
    0x00017b74   0x00017b74   0x00000010   Code   RO         7545    i.SycTickHandler    time.o
    0x00017b84   0x00017b84   0x00000108   Code   RO         3869    i.SysCtlClockGet    sysctl.o
    0x00017c8c   0x00017c8c   0x0000013c   Code   RO         3871    i.SysCtlClockSet    sysctl.o
    0x00017dc8   0x00017dc8   0x00000014   Code   RO         3895    i.SysCtlPWMClockSet  sysctl.o
    0x00017ddc   0x00017ddc   0x00000034   Code   RO         3900    i.SysCtlPeripheralEnable  sysctl.o
    0x00017e10   0x00017e10   0x00000038   Code   RO         3904    i.SysCtlPeripheralReady  sysctl.o
    0x00017e48   0x00017e48   0x00000070   Code   RO         3905    i.SysCtlPeripheralReset  sysctl.o
    0x00017eb8   0x00017eb8   0x00000012   Code   RO         4273    i.SysTickEnable     systick.o
    0x00017eca   0x00017eca   0x00000012   Code   RO         4275    i.SysTickIntEnable  systick.o
    0x00017edc   0x00017edc   0x0000001e   Code   RO         4276    i.SysTickIntRegister  systick.o
    0x00017efa   0x00017efa   0x0000000a   Code   RO         4278    i.SysTickPeriodGet  systick.o
    0x00017f04   0x00017f04   0x0000000a   Code   RO         4279    i.SysTickPeriodSet  systick.o
    0x00017f0e   0x00017f0e   0x00000008   Code   RO         4280    i.SysTickValueGet   systick.o
    0x00017f16   0x00017f16   0x00000002   PAD
    0x00017f18   0x00017f18   0x00000028   Code   RO         9775    i.System_Start_Init  license.o
    0x00017f40   0x00017f40   0x00000220   Code   RO         8713    i.TFmini_Statemachine  tfmini.o
    0x00018160   0x00018160   0x00000090   Code   RO         7617    i.TIMER0A_Handler   time_cnt.o
    0x000181f0   0x000181f0   0x0000002c   Code   RO         9776    i.TIMER1A_Handler   license.o
    0x0001821c   0x0001821c   0x00000214   Code   RO         9472    i.TOF_Statemachine  topsensor.o
    0x00018430   0x00018430   0x00000050   Code   RO         7073    i.Take_Off_Reset    pid.o
    0x00018480   0x00018480   0x0000006c   Code   RO        10224    i.Temperature_Ctrl  temperature_ctrl.o
    0x000184ec   0x000184ec   0x00000134   Code   RO        10225    i.Temperature_Ctrl_Init  temperature_ctrl.o
    0x00018620   0x00018620   0x0000003c   Code   RO        10226    i.Temperature_State_Check  temperature_ctrl.o
    0x0001865c   0x0001865c   0x00000048   Code   RO         7304    i.Test_Period       schedule.o
    0x000186a4   0x000186a4   0x000000bc   Code   RO         9539    i.Thr_Push_Over_Deadband  control_althold.o
    0x00018760   0x00018760   0x00000064   Code   RO         9540    i.Thr_Scale_Set     control_althold.o
    0x000187c4   0x000187c4   0x00000254   Code   RO         9672    i.Throttle_Angle_Compensate  wp_ctrl.o
    0x00018a18   0x00018a18   0x00000068   Code   RO         7074    i.Throttle_Control_Reset  pid.o
    0x00018a80   0x00018a80   0x0000005c   Code   RO         7619    i.Time0A_init       time_cnt.o
    0x00018adc   0x00018adc   0x00000014   Code   RO         7621    i.Time_init         time_cnt.o
    0x00018af0   0x00018af0   0x00000060   Code   RO         4339    i.TimerConfigure    timer.o
    0x00018b50   0x00018b50   0x0000000e   Code   RO         4348    i.TimerEnable       timer.o
    0x00018b5e   0x00018b5e   0x00000004   Code   RO         4349    i.TimerIntClear     timer.o
    0x00018b62   0x00018b62   0x00000008   Code   RO         4351    i.TimerIntEnable    timer.o
    0x00018b6a   0x00018b6a   0x00000026   Code   RO         4352    i.TimerIntRegister  timer.o
    0x00018b90   0x00018b90   0x00000010   Code   RO         4357    i.TimerLoadSet      timer.o
    0x00018ba0   0x00018ba0   0x00000100   Code   RO        10004    i.Top_APrilTag_Control_Pliot  opticalflow_control.o
    0x00018ca0   0x00018ca0   0x0000000c   Code   RO         9673    i.Total_Control     wp_ctrl.o
    0x00018cac   0x00018cac   0x00000128   Code   RO         7075    i.Total_PID_Init    pid.o
    0x00018dd4   0x00018dd4   0x00000050   Code   RO         7729    i.UART0_IRQHandler  usart.o
    0x00018e24   0x00018e24   0x00000034   Code   RO         7730    i.UART1_IRQHandler  usart.o
    0x00018e58   0x00018e58   0x00000044   Code   RO         7731    i.UART2_IRQHandler  usart.o
    0x00018e9c   0x00018e9c   0x00000050   Code   RO         7732    i.UART3_IRQHandler  usart.o
    0x00018eec   0x00018eec   0x000000a4   Code   RO         7734    i.UART7_IRQHandler  usart.o
    0x00018f90   0x00018f90   0x00000012   Code   RO         4582    i.UARTCharGet       uart.o
    0x00018fa2   0x00018fa2   0x00000010   Code   RO         4584    i.UARTCharPut       uart.o
    0x00018fb2   0x00018fb2   0x0000000c   Code   RO         4586    i.UARTCharsAvail    uart.o
    0x00018fbe   0x00018fbe   0x00000006   Code   RO         4588    i.UARTClockSourceSet  uart.o
    0x00018fc4   0x00018fc4   0x0000004c   Code   RO         4590    i.UARTConfigSetExpClk  uart.o
    0x00019010   0x00019010   0x00000020   Code   RO         4593    i.UARTDisable       uart.o
    0x00019030   0x00019030   0x00000014   Code   RO         4595    i.UARTEnable        uart.o
    0x00019044   0x00019044   0x0000000a   Code   RO         4597    i.UARTFIFODisable   uart.o
    0x0001904e   0x0001904e   0x00000004   Code   RO         4603    i.UARTIntClear      uart.o
    0x00019052   0x00019052   0x00000008   Code   RO         4605    i.UARTIntEnable     uart.o
    0x0001905a   0x0001905a   0x0000001e   Code   RO         4606    i.UARTIntRegister   uart.o
    0x00019078   0x00019078   0x0000000c   Code   RO         4607    i.UARTIntStatus     uart.o
    0x00019084   0x00019084   0x0000006c   Code   RO         6109    i.UARTStdioConfig   uartstdio.o
    0x000190f0   0x000190f0   0x00000020   Code   RO         7735    i.USART0_Send       usart.o
    0x00019110   0x00019110   0x00000020   Code   RO         7736    i.USART1_Send       usart.o
    0x00019130   0x00019130   0x00000020   Code   RO         7738    i.USART3_Send       usart.o
    0x00019150   0x00019150   0x0000001a   Code   RO         7664    i.US_100_Distance   us_100.o
    0x0001916a   0x0001916a   0x00000002   PAD
    0x0001916c   0x0001916c   0x00000010   Code   RO         7665    i.US_100_Start      us_100.o
    0x0001917c   0x0001917c   0x00000260   Code   RO         7666    i.US_100_Statemachine  us_100.o
    0x000193dc   0x000193dc   0x000000a4   Code   RO         9191    i.VL53L1Init        vl53l1x.o
    0x00019480   0x00019480   0x00000124   Code   RO         9192    i.VL53L1X_Get_Distance  vl53l1x.o
    0x000195a4   0x000195a4   0x00000034   Code   RO        10334    i.VL53L1_ClearInterruptAndStartMeasurement  vl53l1_api.o
    0x000195d8   0x000195d8   0x00000064   Code   RO        10335    i.VL53L1_DataInit   vl53l1_api.o
    0x0001963c   0x0001963c   0x0000001c   Code   RO        10341    i.VL53L1_GetLimitCheckEnable  vl53l1_api.o
    0x00019658   0x00019658   0x00000072   Code   RO        10344    i.VL53L1_GetLimitCheckValue  vl53l1_api.o
    0x000196ca   0x000196ca   0x00000016   Code   RO        10345    i.VL53L1_GetMeasurementDataReady  vl53l1_api.o
    0x000196e0   0x000196e0   0x00000044   Code   RO        10356    i.VL53L1_GetRangingMeasurementData  vl53l1_api.o
    0x00019724   0x00019724   0x0000001e   Code   RO        10357    i.VL53L1_GetSequenceStepEnable  vl53l1_api.o
    0x00019742   0x00019742   0x00000002   PAD
    0x00019744   0x00019744   0x00000054   Code   RO         9325    i.VL53L1_I2C_Init   vl53l1x_i2c.o
    0x00019798   0x00019798   0x00000020   Code   RO         9231    i.VL53L1_RdByte     vl53l1_platform.o
    0x000197b8   0x000197b8   0x00000020   Code   RO         9233    i.VL53L1_RdWord     vl53l1_platform.o
    0x000197d8   0x000197d8   0x00000028   Code   RO         9234    i.VL53L1_ReadMulti  vl53l1_platform.o
    0x00019800   0x00019800   0x0000001c   Code   RO         9326    i.VL53L1_SDA_IN     vl53l1x_i2c.o
    0x0001981c   0x0001981c   0x0000001c   Code   RO         9327    i.VL53L1_SDA_OUT    vl53l1x_i2c.o
    0x00019838   0x00019838   0x00000096   Code   RO        10370    i.VL53L1_SetDistanceMode  vl53l1_api.o
    0x000198ce   0x000198ce   0x00000016   Code   RO        10371    i.VL53L1_SetInterMeasurementPeriodMilliSeconds  vl53l1_api.o
    0x000198e4   0x000198e4   0x00000048   Code   RO        10372    i.VL53L1_SetLimitCheckEnable  vl53l1_api.o
    0x0001992c   0x0001992c   0x00000046   Code   RO        10373    i.VL53L1_SetLimitCheckValue  vl53l1_api.o
    0x00019972   0x00019972   0x00000002   PAD
    0x00019974   0x00019974   0x00000128   Code   RO        10374    i.VL53L1_SetMeasurementTimingBudgetMicroSeconds  vl53l1_api.o
    0x00019a9c   0x00019a9c   0x00000062   Code   RO        10376    i.VL53L1_SetPresetMode  vl53l1_api.o
    0x00019afe   0x00019afe   0x0000006c   Code   RO        10382    i.VL53L1_StartMeasurement  vl53l1_api.o
    0x00019b6a   0x00019b6a   0x0000002e   Code   RO        10383    i.VL53L1_StaticInit  vl53l1_api.o
    0x00019b98   0x00019b98   0x0000001a   Code   RO        10384    i.VL53L1_StopMeasurement  vl53l1_api.o
    0x00019bb2   0x00019bb2   0x00000016   Code   RO        10385    i.VL53L1_WaitDeviceBooted  vl53l1_api.o
    0x00019bc8   0x00019bc8   0x00000006   Code   RO         9236    i.VL53L1_WaitMs     vl53l1_platform.o
    0x00019bce   0x00019bce   0x00000006   Code   RO         9237    i.VL53L1_WaitUs     vl53l1_platform.o
    0x00019bd4   0x00019bd4   0x0000006a   Code   RO         9238    i.VL53L1_WaitValueMaskEx  vl53l1_platform.o
    0x00019c3e   0x00019c3e   0x00000028   Code   RO         9242    i.VL53L1_WriteMulti  vl53l1_platform.o
    0x00019c66   0x00019c66   0x00000020   Code   RO        11350    i.VL53L1_calc_decoded_timeout_us  vl53l1_core.o
    0x00019c86   0x00019c86   0x00000020   Code   RO        11351    i.VL53L1_calc_encoded_timeout  vl53l1_core.o
    0x00019ca6   0x00019ca6   0x00000032   Code   RO        11352    i.VL53L1_calc_macro_period_us  vl53l1_core.o
    0x00019cd8   0x00019cd8   0x0000000e   Code   RO        11697    i.VL53L1_calc_pll_period_us  vl53l1_core_support.o
    0x00019ce6   0x00019ce6   0x00000068   Code   RO        11354    i.VL53L1_calc_range_ignore_threshold  vl53l1_core.o
    0x00019d4e   0x00019d4e   0x00000010   Code   RO        11355    i.VL53L1_calc_timeout_mclks  vl53l1_core.o
    0x00019d5e   0x00019d5e   0x00000096   Code   RO        11356    i.VL53L1_calc_timeout_register_values  vl53l1_core.o
    0x00019df4   0x00019df4   0x00000026   Code   RO        11357    i.VL53L1_calc_timeout_us  vl53l1_core.o
    0x00019e1a   0x00019e1a   0x00000068   Code   RO        11358    i.VL53L1_check_ll_driver_rd_state  vl53l1_core.o
    0x00019e82   0x00019e82   0x0000001a   Code   RO        10836    i.VL53L1_clear_interrupt_and_enable_next_range  vl53l1_api_core.o
    0x00019e9c   0x00019e9c   0x0000001e   Code   RO        11360    i.VL53L1_config_low_power_auto_mode  vl53l1_core.o
    0x00019eba   0x00019eba   0x00000086   Code   RO        11361    i.VL53L1_copy_rtn_good_spads_to_buffer  vl53l1_core.o
    0x00019f40   0x00019f40   0x000001e6   Code   RO        10837    i.VL53L1_copy_sys_and_core_results_to_range_results  vl53l1_api_core.o
    0x0001a126   0x0001a126   0x000000c6   Code   RO        10838    i.VL53L1_data_init  vl53l1_api_core.o
    0x0001a1ec   0x0001a1ec   0x0000002e   Code   RO        11698    i.VL53L1_decode_row_col  vl53l1_core_support.o
    0x0001a21a   0x0001a21a   0x0000000e   Code   RO        11363    i.VL53L1_decode_timeout  vl53l1_core.o
    0x0001a228   0x0001a228   0x0000000c   Code   RO        11699    i.VL53L1_decode_vcsel_period  vl53l1_core_support.o
    0x0001a234   0x0001a234   0x0000000c   Code   RO        11366    i.VL53L1_decode_zone_size  vl53l1_core.o
    0x0001a240   0x0001a240   0x00000022   Code   RO        11372    i.VL53L1_encode_row_col  vl53l1_core.o
    0x0001a262   0x0001a262   0x00000028   Code   RO        11373    i.VL53L1_encode_timeout  vl53l1_core.o
    0x0001a28a   0x0001a28a   0x00000008   Code   RO        11376    i.VL53L1_encode_zone_size  vl53l1_core.o
    0x0001a292   0x0001a292   0x0000002e   Code   RO        11733    i.VL53L1_get_customer_nvm_managed  vl53l1_register_funcs.o
    0x0001a2c0   0x0001a2c0   0x000000a8   Code   RO        10843    i.VL53L1_get_device_results  vl53l1_api_core.o
    0x0001a368   0x0001a368   0x00000012   Code   RO        10846    i.VL53L1_get_lite_min_count_rate  vl53l1_api_core.o
    0x0001a37a   0x0001a37a   0x00000012   Code   RO        10847    i.VL53L1_get_lite_sigma_threshold  vl53l1_api_core.o
    0x0001a38c   0x0001a38c   0x000000b2   Code   RO        10849    i.VL53L1_get_measurement_results  vl53l1_api_core.o
    0x0001a43e   0x0001a43e   0x00000042   Code   RO        10850    i.VL53L1_get_mode_mitigation_roi  vl53l1_api_core.o
    0x0001a480   0x0001a480   0x00000030   Code   RO        11734    i.VL53L1_get_nvm_copy_data  vl53l1_register_funcs.o
    0x0001a4b0   0x0001a4b0   0x000000ca   Code   RO        10854    i.VL53L1_get_preset_mode_timing_cfg  vl53l1_api_core.o
    0x0001a57a   0x0001a57a   0x00000034   Code   RO        10857    i.VL53L1_get_sequence_config_bit  vl53l1_api_core.o
    0x0001a5ae   0x0001a5ae   0x0000002a   Code   RO        11735    i.VL53L1_get_static_nvm_managed  vl53l1_register_funcs.o
    0x0001a5d8   0x0001a5d8   0x00000098   Code   RO        10858    i.VL53L1_get_timeouts_us  vl53l1_api_core.o
    0x0001a670   0x0001a670   0x0000025e   Code   RO        10859    i.VL53L1_get_tuning_parm  vl53l1_api_core.o
    0x0001a8ce   0x0001a8ce   0x0000002e   Code   RO        10860    i.VL53L1_get_user_zone  vl53l1_api_core.o
    0x0001a8fc   0x0001a8fc   0x00000080   Code   RO        11737    i.VL53L1_i2c_decode_core_results  vl53l1_register_funcs.o
    0x0001a97c   0x0001a97c   0x000000a4   Code   RO        11738    i.VL53L1_i2c_decode_customer_nvm_managed  vl53l1_register_funcs.o
    0x0001aa20   0x0001aa20   0x0000018a   Code   RO        11739    i.VL53L1_i2c_decode_debug_results  vl53l1_register_funcs.o
    0x0001abaa   0x0001abaa   0x00000026   Code   RO        11378    i.VL53L1_i2c_decode_int16_t  vl53l1_core.o
    0x0001abd0   0x0001abd0   0x00000024   Code   RO        11379    i.VL53L1_i2c_decode_int32_t  vl53l1_core.o
    0x0001abf4   0x0001abf4   0x00000142   Code   RO        11741    i.VL53L1_i2c_decode_nvm_copy_data  vl53l1_register_funcs.o
    0x0001ad36   0x0001ad36   0x00000062   Code   RO        11743    i.VL53L1_i2c_decode_static_nvm_managed  vl53l1_register_funcs.o
    0x0001ad98   0x0001ad98   0x00000124   Code   RO        11744    i.VL53L1_i2c_decode_system_results  vl53l1_register_funcs.o
    0x0001aebc   0x0001aebc   0x0000001e   Code   RO        11380    i.VL53L1_i2c_decode_uint16_t  vl53l1_core.o
    0x0001aeda   0x0001aeda   0x0000001c   Code   RO        11381    i.VL53L1_i2c_decode_uint32_t  vl53l1_core.o
    0x0001aef6   0x0001aef6   0x000000ac   Code   RO        11745    i.VL53L1_i2c_encode_customer_nvm_managed  vl53l1_register_funcs.o
    0x0001afa2   0x0001afa2   0x0000008c   Code   RO        11746    i.VL53L1_i2c_encode_dynamic_config  vl53l1_register_funcs.o
    0x0001b02e   0x0001b02e   0x00000092   Code   RO        11747    i.VL53L1_i2c_encode_general_config  vl53l1_register_funcs.o
    0x0001b0c0   0x0001b0c0   0x00000020   Code   RO        11383    i.VL53L1_i2c_encode_int16_t  vl53l1_core.o
    0x0001b0e0   0x0001b0e0   0x000000e6   Code   RO        11748    i.VL53L1_i2c_encode_static_config  vl53l1_register_funcs.o
    0x0001b1c6   0x0001b1c6   0x00000062   Code   RO        11749    i.VL53L1_i2c_encode_static_nvm_managed  vl53l1_register_funcs.o
    0x0001b228   0x0001b228   0x00000038   Code   RO        11750    i.VL53L1_i2c_encode_system_control  vl53l1_register_funcs.o
    0x0001b260   0x0001b260   0x00000090   Code   RO        11751    i.VL53L1_i2c_encode_timing_config  vl53l1_register_funcs.o
    0x0001b2f0   0x0001b2f0   0x00000020   Code   RO        11385    i.VL53L1_i2c_encode_uint16_t  vl53l1_core.o
    0x0001b310   0x0001b310   0x00000020   Code   RO        11386    i.VL53L1_i2c_encode_uint32_t  vl53l1_core.o
    0x0001b330   0x0001b330   0x00000274   Code   RO        10864    i.VL53L1_init_and_start_range  vl53l1_api_core.o
    0x0001b5a4   0x0001b5a4   0x00000026   Code   RO        11387    i.VL53L1_init_ll_driver_state  vl53l1_core.o
    0x0001b5ca   0x0001b5ca   0x00000026   Code   RO        11178    i.VL53L1_init_offset_cal_config_struct  vl53l1_api_preset_modes.o
    0x0001b5f0   0x0001b5f0   0x00000022   Code   RO        11179    i.VL53L1_init_refspadchar_config_struct  vl53l1_api_preset_modes.o
    0x0001b612   0x0001b612   0x00000020   Code   RO        11180    i.VL53L1_init_ssc_config_struct  vl53l1_api_preset_modes.o
    0x0001b632   0x0001b632   0x000000a4   Code   RO        11181    i.VL53L1_init_tuning_parm_storage_struct  vl53l1_api_preset_modes.o
    0x0001b6d6   0x0001b6d6   0x0000001c   Code   RO        11389    i.VL53L1_init_version  vl53l1_core.o
    0x0001b6f2   0x0001b6f2   0x00000066   Code   RO        11182    i.VL53L1_init_xtalk_config_struct  vl53l1_api_preset_modes.o
    0x0001b758   0x0001b758   0x00000054   Code   RO        11903    i.VL53L1_is_new_data_ready  vl53l1_wait.o
    0x0001b7ac   0x0001b7ac   0x00000034   Code   RO        11391    i.VL53L1_low_power_auto_data_init  vl53l1_core.o
    0x0001b7e0   0x0001b7e0   0x00000050   Code   RO        11392    i.VL53L1_low_power_auto_data_stop_range  vl53l1_core.o
    0x0001b830   0x0001b830   0x00000062   Code   RO        11393    i.VL53L1_low_power_auto_setup_manual_calibration  vl53l1_core.o
    0x0001b892   0x0001b892   0x0000009e   Code   RO        11394    i.VL53L1_low_power_auto_update_DSS  vl53l1_core.o
    0x0001b930   0x0001b930   0x00000038   Code   RO        11904    i.VL53L1_poll_for_boot_completion  vl53l1_wait.o
    0x0001b968   0x0001b968   0x0000003c   Code   RO        11183    i.VL53L1_preset_mode_low_power_auto_long_ranging  vl53l1_api_preset_modes.o
    0x0001b9a4   0x0001b9a4   0x0000003c   Code   RO        11184    i.VL53L1_preset_mode_low_power_auto_ranging  vl53l1_api_preset_modes.o
    0x0001b9e0   0x0001b9e0   0x0000003c   Code   RO        11185    i.VL53L1_preset_mode_low_power_auto_short_ranging  vl53l1_api_preset_modes.o
    0x0001ba1c   0x0001ba1c   0x00000030   Code   RO        11186    i.VL53L1_preset_mode_olt  vl53l1_api_preset_modes.o
    0x0001ba4c   0x0001ba4c   0x0000004e   Code   RO        11187    i.VL53L1_preset_mode_singleshot_ranging  vl53l1_api_preset_modes.o
    0x0001ba9a   0x0001ba9a   0x0000013a   Code   RO        11188    i.VL53L1_preset_mode_standard_ranging  vl53l1_api_preset_modes.o
    0x0001bbd4   0x0001bbd4   0x00000054   Code   RO        11189    i.VL53L1_preset_mode_standard_ranging_long_range  vl53l1_api_preset_modes.o
    0x0001bc28   0x0001bc28   0x00000034   Code   RO        11190    i.VL53L1_preset_mode_standard_ranging_mm1_cal  vl53l1_api_preset_modes.o
    0x0001bc5c   0x0001bc5c   0x00000034   Code   RO        11191    i.VL53L1_preset_mode_standard_ranging_mm2_cal  vl53l1_api_preset_modes.o
    0x0001bc90   0x0001bc90   0x00000054   Code   RO        11192    i.VL53L1_preset_mode_standard_ranging_short_range  vl53l1_api_preset_modes.o
    0x0001bce4   0x0001bce4   0x00000054   Code   RO        11193    i.VL53L1_preset_mode_timed_ranging  vl53l1_api_preset_modes.o
    0x0001bd38   0x0001bd38   0x00000054   Code   RO        11194    i.VL53L1_preset_mode_timed_ranging_long_range  vl53l1_api_preset_modes.o
    0x0001bd8c   0x0001bd8c   0x00000056   Code   RO        11195    i.VL53L1_preset_mode_timed_ranging_short_range  vl53l1_api_preset_modes.o
    0x0001bde2   0x0001bde2   0x00000020   Code   RO         9328    i.VL53L1_read_byte  vl53l1x_i2c.o
    0x0001be02   0x0001be02   0x00000028   Code   RO         9330    i.VL53L1_read_multi  vl53l1x_i2c.o
    0x0001be2a   0x0001be2a   0x0000009c   Code   RO        10865    i.VL53L1_read_p2p_data  vl53l1_api_core.o
    0x0001bec6   0x0001bec6   0x0000002a   Code   RO         9331    i.VL53L1_read_word  vl53l1x_i2c.o
    0x0001bef0   0x0001bef0   0x0000002a   Code   RO        10870    i.VL53L1_set_inter_measurement_period_ms  vl53l1_api_core.o
    0x0001bf1a   0x0001bf1a   0x00000010   Code   RO        10872    i.VL53L1_set_lite_min_count_rate  vl53l1_api_core.o
    0x0001bf2a   0x0001bf2a   0x00000010   Code   RO        10873    i.VL53L1_set_lite_sigma_threshold  vl53l1_api_core.o
    0x0001bf3a   0x0001bf3a   0x000001da   Code   RO        10878    i.VL53L1_set_preset_mode  vl53l1_api_core.o
    0x0001c114   0x0001c114   0x0000002a   Code   RO        11757    i.VL53L1_set_system_control  vl53l1_register_funcs.o
    0x0001c13e   0x0001c13e   0x00000050   Code   RO        10882    i.VL53L1_set_timeouts_us  vl53l1_api_core.o
    0x0001c18e   0x0001c18e   0x0000002a   Code   RO        10884    i.VL53L1_set_user_zone  vl53l1_api_core.o
    0x0001c1b8   0x0001c1b8   0x00000020   Code   RO        10886    i.VL53L1_set_vhv_loopbound  vl53l1_api_core.o
    0x0001c1d8   0x0001c1d8   0x00000054   Code   RO        10888    i.VL53L1_stop_range  vl53l1_api_core.o
    0x0001c22c   0x0001c22c   0x00000082   Code   RO        11404    i.VL53L1_update_ll_driver_cfg_state  vl53l1_core.o
    0x0001c2ae   0x0001c2ae   0x000000ac   Code   RO        11405    i.VL53L1_update_ll_driver_rd_state  vl53l1_core.o
    0x0001c35a   0x0001c35a   0x00000028   Code   RO         9334    i.VL53L1_write_multi  vl53l1x_i2c.o
    0x0001c382   0x0001c382   0x00000072   Code   RO         9336    i.VL_I2C_Read_nByte  vl53l1x_i2c.o
    0x0001c3f4   0x0001c3f4   0x0000005a   Code   RO         9337    i.VL_I2C_Write_nByte  vl53l1x_i2c.o
    0x0001c44e   0x0001c44e   0x00000002   PAD
    0x0001c450   0x0001c450   0x00000040   Code   RO         9338    i.VL_IIC_Ack        vl53l1x_i2c.o
    0x0001c490   0x0001c490   0x00000040   Code   RO         9339    i.VL_IIC_NAck       vl53l1x_i2c.o
    0x0001c4d0   0x0001c4d0   0x00000064   Code   RO         9341    i.VL_IIC_Read_Byte  vl53l1x_i2c.o
    0x0001c534   0x0001c534   0x00000068   Code   RO         9342    i.VL_IIC_Send_Byte  vl53l1x_i2c.o
    0x0001c59c   0x0001c59c   0x00000034   Code   RO         9343    i.VL_IIC_Start      vl53l1x_i2c.o
    0x0001c5d0   0x0001c5d0   0x00000034   Code   RO         9344    i.VL_IIC_Stop       vl53l1x_i2c.o
    0x0001c604   0x0001c604   0x00000054   Code   RO         9345    i.VL_IIC_Wait_Ack   vl53l1x_i2c.o
    0x0001c658   0x0001c658   0x00000014   Code   RO         9674    i.Value_Limit       wp_ctrl.o
    0x0001c66c   0x0001c66c   0x00000080   Code   RO         7334    i.Vector_From_BodyFrame2EarthFrame  sins.o
    0x0001c6ec   0x0001c6ec   0x00000048   Code   RO         9777    i.WP_Init           license.o
    0x0001c734   0x0001c734   0x000000e0   Code   RO        10112    i.WP_Quad_Init      sensor.o
    0x0001c814   0x0001c814   0x0000002e   Code   RO         7903    i.WriteFlashParameter  wp_flash.o
    0x0001c842   0x0001c842   0x0000004a   Code   RO         7904    i.WriteFlashParameter_Three  wp_flash.o
    0x0001c88c   0x0001c88c   0x0000003c   Code   RO         7905    i.WriteFlashParameter_Two  wp_flash.o
    0x0001c8c8   0x0001c8c8   0x000000d0   Code   RO         9675    i.Yaw_Fault_Check   wp_ctrl.o
    0x0001c998   0x0001c998   0x00000060   Code   RO           39    i._ADCIntNumberGet  adc.o
    0x0001c9f8   0x0001c9f8   0x00000038   Code   RO          842    i._EEPROMSectorMaskClear  eeprom.o
    0x0001ca30   0x0001ca30   0x00000040   Code   RO          843    i._EEPROMSectorMaskSet  eeprom.o
    0x0001ca70   0x0001ca70   0x00000014   Code   RO          844    i._EEPROMWaitForDone  eeprom.o
    0x0001ca84   0x0001ca84   0x0000004c   Code   RO         1879    i._GPIOIntNumberGet  gpio.o
    0x0001cad0   0x0001cad0   0x00000058   Code   RO         4372    i._TimerIntNumberGet  timer.o
    0x0001cb28   0x0001cb28   0x0000004c   Code   RO         4622    i._UARTIntNumberGet  uart.o
    0x0001cb74   0x0001cb74   0x00000030   Code   RO        12404    i.__ARM_fpclassify  m_wm.l(fpclassify.o)
    0x0001cba4   0x0001cba4   0x00000026   Code   RO        12406    i.__ARM_fpclassifyf  m_wm.l(fpclassifyf.o)
    0x0001cbca   0x0001cbca   0x0000000e   Code   RO         6190    i.__ARM_isnanf      calibration.o
    0x0001cbd8   0x0001cbd8   0x0000000e   Code   RO         6429    i.__ARM_isnanf      filter.o
    0x0001cbe6   0x0001cbe6   0x0000000e   Code   RO         6690    i.__ARM_isnanf      mpu6050.o
    0x0001cbf4   0x0001cbf4   0x0000000e   Code   RO         7076    i.__ARM_isnanf      pid.o
    0x0001cc02   0x0001cc02   0x0000000e   Code   RO         7336    i.__ARM_isnanf      sins.o
    0x0001cc10   0x0001cc10   0x0000000e   Code   RO         7983    i.__ARM_isnanf      wp_math.o
    0x0001cc1e   0x0001cc1e   0x0000000e   Code   RO         9875    i.__ARM_isnanf      namelesscotrun_sdk.o
    0x0001cc2c   0x0001cc2c   0x00000004   PAD
    0x0001cc30   0x0001cc30   0x00000360   Code   RO        12099    i.__hardfp_asin     m_wm.l(asin.o)
    0x0001cf90   0x0001cf90   0x000002d8   Code   RO        12125    i.__hardfp_atan     m_wm.l(atan.o)
    0x0001d268   0x0001d268   0x000001f0   Code   RO        12139    i.__hardfp_atan2    m_wm.l(atan2.o)
    0x0001d458   0x0001d458   0x000000c8   Code   RO        12157    i.__hardfp_cos      m_wm.l(cos.o)
    0x0001d520   0x0001d520   0x00000150   Code   RO        12169    i.__hardfp_cosf     m_wm.l(cosf.o)
    0x0001d670   0x0001d670   0x00000070   Code   RO        12187    i.__hardfp_floorf   m_wm.l(floorf.o)
    0x0001d6e0   0x0001d6e0   0x00000664   Code   RO        12219    i.__hardfp_powf     m_wm.l(powf.o)
    0x0001dd44   0x0001dd44   0x00000004   PAD
    0x0001dd48   0x0001dd48   0x000000c8   Code   RO        12233    i.__hardfp_sin      m_wm.l(sin.o)
    0x0001de10   0x0001de10   0x0000007a   Code   RO        12245    i.__hardfp_sqrt     m_wm.l(sqrt.o)
    0x0001de8a   0x0001de8a   0x0000003a   Code   RO        12257    i.__hardfp_sqrtf    m_wm.l(sqrtf.o)
    0x0001dec4   0x0001dec4   0x0000017c   Code   RO        12281    i.__hardfp_tanf     m_wm.l(tanf.o)
    0x0001e040   0x0001e040   0x00000438   Code   RO        12439    i.__ieee754_rem_pio2  m_wm.l(rred.o)
    0x0001e478   0x0001e478   0x00000170   Code   RO        12387    i.__kernel_cos      m_wm.l(cos_i.o)
    0x0001e5e8   0x0001e5e8   0x000000f8   Code   RO        12436    i.__kernel_poly     m_wm.l(poly.o)
    0x0001e6e0   0x0001e6e0   0x00000130   Code   RO        12447    i.__kernel_sin      m_wm.l(sin_i.o)
    0x0001e810   0x0001e810   0x00000014   Code   RO        12391    i.__mathlib_dbl_infnan  m_wm.l(dunder.o)
    0x0001e824   0x0001e824   0x00000014   Code   RO        12392    i.__mathlib_dbl_infnan2  m_wm.l(dunder.o)
    0x0001e838   0x0001e838   0x00000020   Code   RO        12393    i.__mathlib_dbl_invalid  m_wm.l(dunder.o)
    0x0001e858   0x0001e858   0x00000020   Code   RO        12396    i.__mathlib_dbl_underflow  m_wm.l(dunder.o)
    0x0001e878   0x0001e878   0x00000014   Code   RO        12408    i.__mathlib_flt_divzero  m_wm.l(funder.o)
    0x0001e88c   0x0001e88c   0x00000006   Code   RO        12409    i.__mathlib_flt_infnan  m_wm.l(funder.o)
    0x0001e892   0x0001e892   0x00000006   Code   RO        12410    i.__mathlib_flt_infnan2  m_wm.l(funder.o)
    0x0001e898   0x0001e898   0x00000010   Code   RO        12411    i.__mathlib_flt_invalid  m_wm.l(funder.o)
    0x0001e8a8   0x0001e8a8   0x00000010   Code   RO        12412    i.__mathlib_flt_overflow  m_wm.l(funder.o)
    0x0001e8b8   0x0001e8b8   0x00000010   Code   RO        12414    i.__mathlib_flt_underflow  m_wm.l(funder.o)
    0x0001e8c8   0x0001e8c8   0x00000154   Code   RO        12444    i.__mathlib_rredf2  m_wm.l(rredf.o)
    0x0001ea1c   0x0001ea1c   0x000000a0   Code   RO         9624    i.accel_to_lean_angles  control_poshold.o
    0x0001eabc   0x0001eabc   0x00000010   Code   RO        12127    i.atan              m_wm.l(atan.o)
    0x0001eacc   0x0001eacc   0x00000020   Code   RO         9876    i.auto_altland      namelesscotrun_sdk.o
    0x0001eaec   0x0001eaec   0x00000054   Code   RO         7984    i.constrain_float   wp_math.o
    0x0001eb40   0x0001eb40   0x00000016   Code   RO         7216    i.constrain_int16_t  rc.o
    0x0001eb56   0x0001eb56   0x00000012   Code   RO         7546    i.delay             time.o
    0x0001eb68   0x0001eb68   0x00000018   Code   RO         7547    i.delayMicroseconds  time.o
    0x0001eb80   0x0001eb80   0x0000000c   Code   RO         7548    i.delay_ms          time.o
    0x0001eb8c   0x0001eb8c   0x0000000c   Code   RO         7549    i.delay_us          time.o
    0x0001eb98   0x0001eb98   0x00000020   Code   RO         6843    i.display_6_8_number  oled.o
    0x0001ebb8   0x0001ebb8   0x00000014   Code   RO         6844    i.display_6_8_string  oled.o
    0x0001ebcc   0x0001ebcc   0x00000002   Code   RO         8145    i.draw_gps_wave     ssd1306.o
    0x0001ebce   0x0001ebce   0x00000002   PAD
    0x0001ebd0   0x0001ebd0   0x0000011c   Code   RO         8146    i.draw_ins_wave     ssd1306.o
    0x0001ecec   0x0001ecec   0x00000038   Code   RO         8147    i.draw_oled         ssd1306.o
    0x0001ed24   0x0001ed24   0x00000018   Code   RO        12183    i.fabs              m_wm.l(fabs.o)
    0x0001ed3c   0x0001ed3c   0x00000038   Code   RO         7988    i.fast_atan         wp_math.o
    0x0001ed74   0x0001ed74   0x00000194   Code   RO         9745    i.get_declination   earth_declination.o
    0x0001ef08   0x0001ef08   0x00000154   Code   RO         9746    i.get_lookup_value  earth_declination.o
    0x0001f05c   0x0001f05c   0x00000074   Code   RO         6728    i.i2c0Read          myiic.o
    0x0001f0d0   0x0001f0d0   0x00000014   Code   RO         6730    i.i2c0Write         myiic.o
    0x0001f0e4   0x0001f0e4   0x000000a8   Code   RO         6731    i.i2c0WriteData     myiic.o
    0x0001f18c   0x0001f18c   0x00000058   Code   RO         6732    i.i2cRead           myiic.o
    0x0001f1e4   0x0001f1e4   0x000000ac   Code   RO         6733    i.i2cReadData       myiic.o
    0x0001f290   0x0001f290   0x00000014   Code   RO         6734    i.i2cWrite          myiic.o
    0x0001f2a4   0x0001f2a4   0x00000080   Code   RO         6735    i.i2cWriteData      myiic.o
    0x0001f324   0x0001f324   0x000002e8   Code   RO        10113    i.imuComputeRotationMatrix  sensor.o
    0x0001f60c   0x0001f60c   0x00000034   Code   RO         7550    i.initTime          time.o
    0x0001f640   0x0001f640   0x0000003c   Code   RO        10114    i.invSqrt           sensor.o
    0x0001f67c   0x0001f67c   0x00000016   Code   RO         6639    i.key_delay         key.o
    0x0001f692   0x0001f692   0x00000002   PAD
    0x0001f694   0x0001f694   0x00000314   Code   RO         9576    i.land_althold      control_land.o
    0x0001f9a8   0x0001f9a8   0x000000dc   Code   RO         9577    i.land_nogps_run    control_land.o
    0x0001fa84   0x0001fa84   0x00000060   Code   RO         9578    i.land_reset        control_land.o
    0x0001fae4   0x0001fae4   0x00000008   Code   RO         9579    i.land_run          control_land.o
    0x0001faec   0x0001faec   0x000000e4   Code   RO         9580    i.landon_earth_check  control_land.o
    0x0001fbd0   0x0001fbd0   0x00000058   Code   RO         7338    i.location_diff     sins.o
    0x0001fc28   0x0001fc28   0x00000090   Code   RO         7339    i.longitude_scale   sins.o
    0x0001fcb8   0x0001fcb8   0x00000054   Code   RO         5792    i.main              main.o
    0x0001fd0c   0x0001fd0c   0x00000040   Code   RO         7551    i.micros            time.o
    0x0001fd4c   0x0001fd4c   0x00000010   Code   RO         7552    i.millis            time.o
    0x0001fd5c   0x0001fd5c   0x0000012c   Code   RO         9879    i.move_with_xy_target  namelesscotrun_sdk.o
    0x0001fe88   0x0001fe88   0x00000268   Code   RO         9880    i.move_with_z_target  namelesscotrun_sdk.o
    0x000200f0   0x000200f0   0x00000248   Code   RO         9541    i.ncq_control_althold  control_althold.o
    0x00020338   0x00020338   0x00000006   Code   RO         9747    i.pgm_read_byte_far  earth_declination.o
    0x0002033e   0x0002033e   0x00000034   Code   RO         7990    i.pythagorous2      wp_math.o
    0x00020372   0x00020372   0x00000044   Code   RO         7991    i.pythagorous3      wp_math.o
    0x000203b6   0x000203b6   0x00000002   PAD
    0x000203b8   0x000203b8   0x00000034   Code   RO         7994    i.safe_sqrt         wp_math.o
    0x000203ec   0x000203ec   0x000001e4   Code   RO         7442    i.spl0601_get_calib_param  spl06.o
    0x000205d0   0x000205d0   0x000000dc   Code   RO         7443    i.spl0601_get_pressure  spl06.o
    0x000206ac   0x000206ac   0x0000006c   Code   RO         7444    i.spl0601_get_raw_pressure  spl06.o
    0x00020718   0x00020718   0x00000070   Code   RO         7445    i.spl0601_get_raw_temp  spl06.o
    0x00020788   0x00020788   0x00000094   Code   RO         7446    i.spl0601_get_temperature  spl06.o
    0x0002081c   0x0002081c   0x000000f4   Code   RO         7447    i.spl0601_init      spl06.o
    0x00020910   0x00020910   0x00000144   Code   RO         7448    i.spl0601_rateset   spl06.o
    0x00020a54   0x00020a54   0x00000014   Code   RO         7449    i.spl0601_read      spl06.o
    0x00020a68   0x00020a68   0x00000012   Code   RO         7450    i.spl0601_start_continuous  spl06.o
    0x00020a7a   0x00020a7a   0x00000014   Code   RO         7453    i.spl0601_write     spl06.o
    0x00020a8e   0x00020a8e   0x0000000a   Code   RO         7995    i.sq                wp_math.o
    0x00020a98   0x00020a98   0x0000006e   Code   RO        12247    i.sqrt              m_wm.l(sqrt.o)
    0x00020b06   0x00020b06   0x00000002   PAD
    0x00020b08   0x00020b08   0x0000015c   Code   RO         8149    i.ssd1306_begin     ssd1306.o
    0x00020c64   0x00020c64   0x00000014   Code   RO         8150    i.ssd1306_clear_display  ssd1306.o
    0x00020c78   0x00020c78   0x0000000c   Code   RO         8151    i.ssd1306_command   ssd1306.o
    0x00020c84   0x00020c84   0x0000002c   Code   RO         8155    i.ssd1306_display   ssd1306.o
    0x00020cb0   0x00020cb0   0x00000104   Code   RO         8159    i.ssd1306_draw_circle  ssd1306.o
    0x00020db4   0x00020db4   0x000000bc   Code   RO         8162    i.ssd1306_draw_fast_hline_internal  ssd1306.o
    0x00020e70   0x00020e70   0x000000a8   Code   RO         8163    i.ssd1306_draw_fast_vline  ssd1306.o
    0x00020f18   0x00020f18   0x00000190   Code   RO         8164    i.ssd1306_draw_fast_vline_internal  ssd1306.o
    0x000210a8   0x000210a8   0x000000ce   Code   RO         8165    i.ssd1306_draw_line  ssd1306.o
    0x00021176   0x00021176   0x00000002   PAD
    0x00021178   0x00021178   0x0000011c   Code   RO         8166    i.ssd1306_draw_pixel  ssd1306.o
    0x00021294   0x00021294   0x00000030   Code   RO         8171    i.ssd1306_fill_circle  ssd1306.o
    0x000212c4   0x000212c4   0x000000c6   Code   RO         8172    i.ssd1306_fill_circle_helper  ssd1306.o
    0x0002138a   0x0002138a   0x00000002   PAD
    0x0002138c   0x0002138c   0x0000000c   Code   RO         8180    i.ssd1306_height    ssd1306.o
    0x00021398   0x00021398   0x0000000c   Code   RO         8195    i.ssd1306_width     ssd1306.o
    0x000213a4   0x000213a4   0x0000007c   Code   RO         7454    i.user_spl0601_get  spl06.o
    0x00021420   0x00021420   0x000002d4   Code   RO         6846    i.write_6_8_number  oled.o
    0x000216f4   0x000216f4   0x00000018   Code   RO        12049    x$fpl$basic         fz_wm.l(basic.o)
    0x0002170c   0x0002170c   0x00000062   Code   RO        12051    x$fpl$d2f           fz_wm.l(d2f.o)
    0x0002176e   0x0002176e   0x00000002   PAD
    0x00021770   0x00021770   0x00000150   Code   RO        12053    x$fpl$dadd          fz_wm.l(daddsub_clz.o)
    0x000218c0   0x000218c0   0x00000018   Code   RO        12370    x$fpl$dcmpinf       fz_wm.l(dcmpi.o)
    0x000218d8   0x000218d8   0x000002b0   Code   RO        12060    x$fpl$ddiv          fz_wm.l(ddiv.o)
    0x00021b88   0x00021b88   0x0000005e   Code   RO        12063    x$fpl$dfix          fz_wm.l(dfix.o)
    0x00021be6   0x00021be6   0x00000002   PAD
    0x00021be8   0x00021be8   0x0000005a   Code   RO        12067    x$fpl$dfixu         fz_wm.l(dfixu.o)
    0x00021c42   0x00021c42   0x0000002e   Code   RO        12072    x$fpl$dflt          fz_wm.l(dflt_clz.o)
    0x00021c70   0x00021c70   0x00000026   Code   RO        12071    x$fpl$dfltu         fz_wm.l(dflt_clz.o)
    0x00021c96   0x00021c96   0x00000002   PAD
    0x00021c98   0x00021c98   0x00000078   Code   RO        12077    x$fpl$dleqf         fz_wm.l(dleqf.o)
    0x00021d10   0x00021d10   0x00000154   Code   RO        12079    x$fpl$dmul          fz_wm.l(dmul.o)
    0x00021e64   0x00021e64   0x0000009c   Code   RO        12372    x$fpl$dnaninf       fz_wm.l(dnaninf.o)
    0x00021f00   0x00021f00   0x0000000c   Code   RO        12374    x$fpl$dretinf       fz_wm.l(dretinf.o)
    0x00021f0c   0x00021f0c   0x0000006c   Code   RO        12081    x$fpl$drleqf        fz_wm.l(drleqf.o)
    0x00021f78   0x00021f78   0x00000016   Code   RO        12054    x$fpl$drsb          fz_wm.l(daddsub_clz.o)
    0x00021f8e   0x00021f8e   0x00000002   PAD
    0x00021f90   0x00021f90   0x00000198   Code   RO        12376    x$fpl$dsqrt         fz_wm.l(dsqrt_umaal.o)
    0x00022128   0x00022128   0x000001d4   Code   RO        12055    x$fpl$dsub          fz_wm.l(daddsub_clz.o)
    0x000222fc   0x000222fc   0x00000056   Code   RO        12083    x$fpl$f2d           fz_wm.l(f2d.o)
    0x00022352   0x00022352   0x0000008c   Code   RO        12378    x$fpl$fnaninf       fz_wm.l(fnaninf.o)
    0x000223de   0x000223de   0x0000000a   Code   RO        12505    x$fpl$fpinit        fz_wm.l(fpinit.o)
    0x000223e8   0x000223e8   0x0000000a   Code   RO        12380    x$fpl$fretinf       fz_wm.l(fretinf.o)
    0x000223f2   0x000223f2   0x00000000   Code   RO        12386    x$fpl$usenofp       fz_wm.l(usenofp.o)
    0x000223f2   0x000223f2   0x00000002   PAD
    0x000223f4   0x000223f4   0x00000210   Data   RO         1880    .constdata          gpio.o
    0x00022604   0x00022604   0x0000010c   Data   RO         2833    .constdata          interrupt.o
    0x00022710   0x00022710   0x000001cc   Data   RO         3923    .constdata          sysctl.o
    0x000228dc   0x000228dc   0x000000a0   Data   RO         4373    .constdata          timer.o
    0x0002297c   0x0002297c   0x00000080   Data   RO         4623    .constdata          uart.o
    0x000229fc   0x000229fc   0x0000001c   Data   RO         6115    .constdata          uartstdio.o
    0x00022a18   0x00022a18   0x00000090   Data   RO         6192    .constdata          calibration.o
    0x00022aa8   0x00022aa8   0x000012e8   Data   RO         6848    .constdata          oled.o
    0x00023d90   0x00023d90   0x00000146   Data   RO         7039    .constdata          opticalflow_lc306.o
    0x00023ed6   0x00023ed6   0x00000002   PAD
    0x00023ed8   0x00023ed8   0x000005a0   Data   RO         7078    .constdata          pid.o
    0x00024478   0x00024478   0x000007d0   Data   RO         9748    .constdata          earth_declination.o
    0x00024c48   0x00024c48   0x00000050   Data   RO        10227    .constdata          temperature_ctrl.o
    0x00024c98   0x00024c98   0x00000050   Data   RO        12102    .constdata          m_wm.l(asin.o)
    0x00024ce8   0x00024ce8   0x00000098   Data   RO        12128    .constdata          m_wm.l(atan.o)
    0x00024d80   0x00024d80   0x00000140   Data   RO        12222    .constdata          m_wm.l(powf.o)
    0x00024ec0   0x00024ec0   0x00000030   Data   RO        12388    .constdata          m_wm.l(cos_i.o)
    0x00024ef0   0x00024ef0   0x00000008   Data   RO        12438    .constdata          m_wm.l(qnan.o)
    0x00024ef8   0x00024ef8   0x000000c8   Data   RO        12441    .constdata          m_wm.l(rred.o)
    0x00024fc0   0x00024fc0   0x00000020   Data   RO        12445    .constdata          m_wm.l(rredf.o)
    0x00024fe0   0x00024fe0   0x00000028   Data   RO        12448    .constdata          m_wm.l(sin_i.o)
    0x00025008   0x00025008   0x00000011   Data   RO         6116    .conststring        uartstdio.o
    0x00025019   0x00025019   0x00000003   PAD
    0x0002501c   0x0002501c   0x00000020   Data   RO        12594    Region$$Table       anon$$obj.o


    Execution Region RW_IRAM1 (Exec base: 0x20000000, Load base: 0x0002503c, Size: 0x00006ce0, Max: 0x00008000, ABSOLUTE, COMPRESSED[0x000002cc])

    Exec Addr    Load Addr    Size         Type   Attr      Idx    E Section Name        Object

    0x20000000   COMPRESSED   0x00000005   Data   RW         6117    .data               uartstdio.o
    0x20000005   COMPRESSED   0x00000003   PAD
    0x20000008   COMPRESSED   0x0000014c   Data   RW         6193    .data               calibration.o
    0x20000154   COMPRESSED   0x00000018   Data   RW         6373    .data               bling.o
    0x2000016c   COMPRESSED   0x00000004   PAD
    0x20000170   COMPRESSED   0x000000ac   Data   RW         6569    .data               gps.o
    0x2000021c   COMPRESSED   0x00000022   Data   RW         6609    .data               ist8310.o
    0x2000023e   COMPRESSED   0x00000002   PAD
    0x20000240   COMPRESSED   0x0000001a   Data   RW         6641    .data               key.o
    0x2000025a   COMPRESSED   0x00000002   PAD
    0x2000025c   COMPRESSED   0x00000030   Data   RW         6692    .data               mpu6050.o
    0x2000028c   COMPRESSED   0x00000004   Data   RW         6736    .data               myiic.o
    0x20000290   COMPRESSED   0x00000018   Data   RW         7040    .data               opticalflow_lc306.o
    0x200002a8   COMPRESSED   0x00000017   Data   RW         7079    .data               pid.o
    0x200002bf   COMPRESSED   0x00000001   PAD
    0x200002c0   COMPRESSED   0x00000024   Data   RW         7188    .data               ppm.o
    0x200002e4   COMPRESSED   0x0000005b   Data   RW         7218    .data               rc.o
    0x2000033f   COMPRESSED   0x00000001   PAD
    0x20000340   COMPRESSED   0x00000120   Data   RW         7341    .data               sins.o
    0x20000460   COMPRESSED   0x00000028   Data   RW         7456    .data               spl06.o
    0x20000488   COMPRESSED   0x0000000c   Data   RW         7553    .data               time.o
    0x20000494   COMPRESSED   0x0000001c   Data   RW         7623    .data               time_cnt.o
    0x200004b0   COMPRESSED   0x00000033   Data   RW         7669    .data               us_100.o
    0x200004e3   COMPRESSED   0x00000001   PAD
    0x200004e4   COMPRESSED   0x00000018   Data   RW         7744    .data               usart.o
    0x200004fc   COMPRESSED   0x00000004   PAD
    0x20000500   COMPRESSED   0x0000002a   Data   RW         7861    .data               wp_adc.o
    0x2000052a   COMPRESSED   0x00000002   PAD
    0x2000052c   COMPRESSED   0x00000018   Data   RW         8127    .data               wp_pwm.o
    0x20000544   COMPRESSED   0x0000043d   Data   RW         8199    .data               ssd1306.o
    0x20000981   COMPRESSED   0x00000003   PAD
    0x20000984   COMPRESSED   0x00000026   Data   RW         8715    .data               tfmini.o
    0x200009aa   COMPRESSED   0x00000002   PAD
    0x200009ac   COMPRESSED   0x0000003e   Data   RW         8915    .data               nclink.o
    0x200009ea   COMPRESSED   0x00000002   PAD
    0x200009ec   COMPRESSED   0x00000056   Data   RW         9194    .data               vl53l1x.o
    0x20000a42   COMPRESSED   0x00000002   PAD
    0x20000a44   COMPRESSED   0x0000001e   Data   RW         9474    .data               topsensor.o
    0x20000a62   COMPRESSED   0x00000002   PAD
    0x20000a64   COMPRESSED   0x0000003f   Data   RW         9543    .data               control_althold.o
    0x20000aa3   COMPRESSED   0x00000001   PAD
    0x20000aa4   COMPRESSED   0x00000051   Data   RW         9581    .data               control_land.o
    0x20000af5   COMPRESSED   0x00000003   PAD
    0x20000af8   COMPRESSED   0x00000050   Data   RW         9629    .data               control_poshold.o
    0x20000b48   COMPRESSED   0x00000045   Data   RW         9677    .data               wp_ctrl.o
    0x20000b8d   COMPRESSED   0x00000003   PAD
    0x20000b90   COMPRESSED   0x00000072   Data   RW         9822    .data               namelesscorun_opticalflow.o
    0x20000c02   COMPRESSED   0x00000002   PAD
    0x20000c04   COMPRESSED   0x00000066   Data   RW         9882    .data               namelesscotrun_sdk.o
    0x20000c6a   COMPRESSED   0x00000002   PAD
    0x20000c6c   COMPRESSED   0x00000078   Data   RW        10006    .data               opticalflow_control.o
    0x20000ce4   COMPRESSED   0x000000d6   Data   RW        10117    .data               sensor.o
    0x20000dba   COMPRESSED   0x00000002   PAD
    0x20000dbc   COMPRESSED   0x00000022   Data   RW        10194    .data               compass.o
    0x20000dde   COMPRESSED   0x00000002   PAD
    0x20000de0   COMPRESSED   0x0000001a   Data   RW        10228    .data               temperature_ctrl.o
    0x20000dfa   COMPRESSED   0x00000002   PAD
    0x20000dfc   COMPRESSED   0x00000018   Data   RW        10263    .data               developer_mode.o
    0x20000e14   COMPRESSED   0x00000018   Data   RW        10286    .data               adc_button.o
    0x20000e2c   COMPRESSED   0x0000001c   Data   RW        10391    .data               vl53l1_api.o
    0x20000e48   COMPRESSED   0x000001b8   PAD
    0x20001000   COMPRESSED   0x0000026c   Data   RW         2834    vtable              interrupt.o
    0x2000126c        -       0x000001bc   Zero   RW         6191    .bss                calibration.o
    0x20001428        -       0x00000050   Zero   RW         6372    .bss                bling.o
    0x20001478        -       0x00000c78   Zero   RW         6439    .bss                filter.o
    0x200020f0        -       0x00000040   Zero   RW         6567    .bss                gps.o
    0x20002130        -       0x00000024   Zero   RW         6608    .bss                ist8310.o
    0x20002154        -       0x00000040   Zero   RW         6640    .bss                key.o
    0x20002194        -       0x0000006c   Zero   RW         6691    .bss                mpu6050.o
    0x20002200        -       0x00000e36   Zero   RW         7077    .bss                pid.o
    0x20003036        -       0x0000003c   Zero   RW         7187    .bss                ppm.o
    0x20003072   COMPRESSED   0x00000002   PAD
    0x20003074        -       0x000001d0   Zero   RW         7217    .bss                rc.o
    0x20003244   COMPRESSED   0x00000004   PAD
    0x20003248        -       0x000010a0   Zero   RW         7340    .bss                sins.o
    0x200042e8        -       0x00000050   Zero   RW         7455    .bss                spl06.o
    0x20004338        -       0x00000090   Zero   RW         7622    .bss                time_cnt.o
    0x200043c8        -       0x0000002c   Zero   RW         7668    .bss                us_100.o
    0x200043f4        -       0x00000690   Zero   RW         7743    .bss                usart.o
    0x20004a84        -       0x00000030   Zero   RW         7860    .bss                wp_adc.o
    0x20004ab4        -       0x00000320   Zero   RW         7906    .bss                wp_flash.o
    0x20004dd4        -       0x00000400   Zero   RW         8197    .bss                ssd1306.o
    0x200051d4        -       0x00000028   Zero   RW         8714    .bss                tfmini.o
    0x200051fc        -       0x0000010c   Zero   RW         8914    .bss                nclink.o
    0x20005308        -       0x000003d0   Zero   RW         9193    .bss                vl53l1x.o
    0x200056d8        -       0x00000040   Zero   RW         9473    .bss                topsensor.o
    0x20005718        -       0x0000004c   Zero   RW         9505    .bss                calibrationroutines.o
    0x20005764        -       0x0000002c   Zero   RW         9542    .bss                control_althold.o
    0x20005790        -       0x00000030   Zero   RW         9676    .bss                wp_ctrl.o
    0x200057c0        -       0x00000828   Zero   RW         9821    .bss                namelesscorun_opticalflow.o
    0x20005fe8        -       0x00000170   Zero   RW         9881    .bss                namelesscotrun_sdk.o
    0x20006158        -       0x00000010   Zero   RW        10005    .bss                opticalflow_control.o
    0x20006168        -       0x00000464   Zero   RW        10116    .bss                sensor.o
    0x200065cc        -       0x00000020   Zero   RW        10193    .bss                compass.o
    0x200065ec        -       0x00000094   Zero   RW        10285    .bss                adc_button.o
    0x20006680        -       0x00000060   Zero   RW        12462    .bss                c_wu.l(libspace.o)
    0x200066e0        -       0x00000200   Zero   RW         6102    HEAP                startup_rvmdk.o
    0x200068e0        -       0x00000400   Zero   RW         6101    STACK               startup_rvmdk.o


==============================================================================

Image component sizes


      Code (inc. data)   RO Data    RW Data    ZI Data      Debug   Object Name

       400         20          0          0          0      13116   adc.o
       668         90          0         24        148       4718   adc_button.o
       718         54          0         24         80       5928   bling.o
     11218        960        144        332        444      33361   calibration.o
      1670          0          0          0         76       5734   calibrationroutines.o
       492         44          0         34         32       3362   compass.o
      2100        232          0         63         44       5321   control_althold.o
      1340        230          0         81          0       5406   control_land.o
       160         12          0         80          0       3241   control_poshold.o
        38          0          0          0          0        728   cpu.o
       344         34          0         24          0       1345   developer_mode.o
       750         34       2000          0          0       4454   earth_declination.o
       552         74          0          0          0       6100   eeprom.o
       794         76          0          0       3192      12474   filter.o
        40         12          0          0          0       1192   fpu.o
       930         30        528          0          0      14030   gpio.o
      1776        192          0        172         64       5168   gps.o
       142         14          0          0          0       5009   i2c.o
       288         34        268        620          0       5525   interrupt.o
         0          0          0         34         36       1676   ist8310.o
     12228       1788          0         26         64      10162   key.o
       508        112          0          0          0       3813   license.o
        84         22          0          0          0      77087   main.o
      1074         84          0         48        108       4559   mpu6050.o
      1004         70          0          4          0      10277   myiic.o
      3572        282          0        114       2088       8493   namelesscorun_opticalflow.o
      4050        286          0        102        368      18231   namelesscotrun_sdk.o
     13004        684          0         62        268      28453   nclink.o
      1702         54       4840          0          0      12326   oled.o
      3368        376          0        120         16      12092   opticalflow_control.o
       292         22        326         24          0       2697   opticalflow_lc306.o
      6870        330       1440         23       3638      17579   pid.o
       304         48          0         36         60       2432   ppm.o
       138          6          0          0          0       3767   pwm.o
        96          0          0          0          0       2712   qmc5883.o
      3076        298          0         91        464       9498   rc.o
        60          0          0          0          0       1800   ringbuf.o
       144          8          0          0          0       1748   schedule.o
     12060        912          0        214       1124      14818   sensor.o
      9138        748          0        288       4256      19017   sins.o
        44          0          0          0          0       2135   soft_i2c.o
      1892         90          0         40         80      11242   spl06.o
      2542        166          0       1085       1024      16375   ssd1306.o
       676        640          0          0       1536        700   startup_rvmdk.o
       826         56        460          0          0       6967   sysctl.o
       100          0          0          0          0        696   system.o
        94          0          0          0          0       3812   systick.o
       648         74         80         26          0       4451   temperature_ctrl.o
       636         78          0         38         40       2900   tfmini.o
       226         26          0         12          0       6431   time.o
       256         30          0         28        144       2493   time_cnt.o
       264         32        160          0          0       6418   timer.o
       532         56          0         30         64       2225   topsensor.o
       320         20        128          0          0      10426   uart.o
       108         12         45          5          0       2837   uartstdio.o
       650         66          0         51         44       3726   us_100.o
      1576        234          0         24       1680      10736   usart.o
      2342         50          0         28          0      88446   vl53l1_api.o
         0          0          0          0          0       9748   vl53l1_api_calibration.o
      3786         82          0          0          0      24790   vl53l1_api_core.o
      1516          0          0          0          0      19679   vl53l1_api_preset_modes.o
      1782          0          0          0          0      26827   vl53l1_core.o
        72          0          0          0          0       3405   vl53l1_core_support.o
       262          0          0          0          0       6660   vl53l1_platform.o
      2562          0          0          0          0      17946   vl53l1_register_funcs.o
       140          0          0          0          0       2749   vl53l1_wait.o
       456         58          0         86        976       3464   vl53l1x.o
      1042         44          0          0          0      13749   vl53l1x_i2c.o
       404         80          0         42         48       3711   wp_adc.o
      3616        364          0         69         48      12181   wp_ctrl.o
       320          6          0          0        800       9914   wp_flash.o
       832         80          0          0          0       7842   wp_math.o
       504         66          0         24          0       2108   wp_pwm.o

    ----------------------------------------------------------------------
    128266      10682      10456       4716      23060     747238   Object Totals
         0          0         32          0          0          0   (incl. Generated)
        48          0          5        488          6          0   (incl. Padding)

    ----------------------------------------------------------------------

      Code (inc. data)   RO Data    RW Data    ZI Data      Debug   Library Member Name

        90          0          0          0          0          0   __dczerorl2.o
         8          0          0          0          0         68   __main.o
         0          0          0          0          0          0   __rtentry.o
        12          0          0          0          0          0   __rtentry2.o
         6          0          0          0          0          0   __rtentry4.o
        52          8          0          0          0          0   __scatter.o
        28          0          0          0          0          0   __scatter_zi.o
        22          0          0          0          0        100   _rserrno.o
        16          0          0          0          0         68   aeabi_memset.o
        18          0          0          0          0         80   exit.o
         6          0          0          0          0        152   heapauxi.o
         0          0          0          0          0          0   indicate_semi.o
         2          0          0          0          0          0   libinit.o
         6          0          0          0          0          0   libinit2.o
         2          0          0          0          0          0   libshutdown.o
         2          0          0          0          0          0   libshutdown2.o
         8          4          0          0         96         68   libspace.o
         8          0          0          0          0         76   memcpy.o
         8          4          0          0          0         68   rt_errno_addr_intlibspace.o
        68          0          0          0          0         68   rt_memclr.o
        78          0          0          0          0         80   rt_memclr_w.o
       138          0          0          0          0         68   rt_memcpy_v6.o
       100          0          0          0          0         80   rt_memcpy_w.o
         2          0          0          0          0          0   rtexit.o
        10          0          0          0          0          0   rtexit2.o
        12          4          0          0          0         68   sys_exit.o
        74          0          0          0          0         80   sys_stackheap_outer.o
         2          0          0          0          0         68   use_no_semi.o
        24          0          0          0          0        164   basic.o
        98          4          0          0          0        140   d2f.o
       826         16          0          0          0        492   daddsub_clz.o
        24          0          0          0          0        116   dcmpi.o
       688        140          0          0          0        256   ddiv.o
        94          4          0          0          0        140   dfix.o
        90          4          0          0          0        140   dfixu.o
        84          0          0          0          0        232   dflt_clz.o
       120          4          0          0          0        140   dleqf.o
       340         12          0          0          0        152   dmul.o
       156          4          0          0          0        140   dnaninf.o
        12          0          0          0          0        116   dretinf.o
       108          0          0          0          0        128   drleqf.o
       408         56          0          0          0        168   dsqrt_umaal.o
        86          4          0          0          0        132   f2d.o
       140          4          0          0          0        132   fnaninf.o
        10          0          0          0          0        116   fpinit.o
        10          0          0          0          0        116   fretinf.o
         0          0          0          0          0          0   usenofp.o
       864         94         80          0          0        280   asin.o
       744        106        152          0          0        352   atan.o
       496         64          0          0          0        192   atan2.o
       200         20          0          0          0        164   cos.o
       368         46         48          0          0        200   cos_i.o
       336         56          0          0          0        136   cosf.o
       104         16          0          0          0        496   dunder.o
        24          0          0          0          0        124   fabs.o
       112         14          0          0          0        116   floorf.o
        48          0          0          0          0        124   fpclassify.o
        38          0          0          0          0        116   fpclassifyf.o
        80         24          0          0          0        696   funder.o
       248          0          0          0          0        152   poly.o
      1636        110        320          0          0        372   powf.o
         0          0          8          0          0          0   qnan.o
      1080        142        200          0          0        188   rred.o
       340         24         32          0          0        160   rredf.o
       200         20          0          0          0        164   sin.o
       304         24         40          0          0        208   sin_i.o
       232          0          0          0          0        296   sqrt.o
        58          0          0          0          0        136   sqrtf.o
       380         58          0          0          0        200   tanf.o

    ----------------------------------------------------------------------
     12010       1094        880          0         96       9084   Library Totals
        22          4          0          0          0          0   (incl. Padding)

    ----------------------------------------------------------------------

      Code (inc. data)   RO Data    RW Data    ZI Data      Debug   Library Name

       778         20          0          0         96       1192   c_wu.l
      3318        252          0          0          0       3020   fz_wm.l
      7892        818        880          0          0       4872   m_wm.l

    ----------------------------------------------------------------------
     12010       1094        880          0         96       9084   Library Totals

    ----------------------------------------------------------------------

==============================================================================


      Code (inc. data)   RO Data    RW Data    ZI Data      Debug   

    140276      11776      11336       4716      23156     697050   Grand Totals
    140276      11776      11336        716      23156     697050   ELF Image Totals (compressed)
    140276      11776      11336        716          0          0   ROM Totals

==============================================================================

    Total RO  Size (Code + RO Data)               151612 ( 148.06kB)
    Total RW  Size (RW Data + ZI Data)             27872 (  27.22kB)
    Total ROM Size (Code + RO Data + RW Data)     152328 ( 148.76kB)

==============================================================================

